Copyright 1986-2022 Xilinx, Inc. All Rights Reserved. Copyright 2022-2024 Advanced Micro Devices, Inc. All Rights Reserved.
---------------------------------------------------------------------------------------------------------------------------------------------
| Tool Version : Vivado v.2024.1 (lin64) Build 5076996 Wed May 22 18:36:09 MDT 2024
| Date         : Mon Jun 15 12:01:49 2026
| Host         : EQI07362 running 64-bit Ubuntu 22.04.5 LTS
| Command      : report_timing -nworst 1 -delay_type max -sort_by group -file reports_cva6_fpga_synth/cva6_fpga.timing.rpt
| Design       : cva6_zybo_z7_20
| Device       : 7z020-clg400
| Speed File   : -1  PRODUCTION 1.12 2019-11-22
| Design State : Synthesized
---------------------------------------------------------------------------------------------------------------------------------------------

Timing Report

Slack (VIOLATED) :        -0.368ns  (required time - arrival time)
  Source:                 i_ariane/i_cva6/issue_stage_i/i_scoreboard/commit_pointer_q_reg[0][1]/C
                            (rising edge-triggered cell FDCE clocked by clk_out1_xlnx_clk_gen  {rise@0.000ns fall@10.000ns period=20.000ns})
  Destination:            i_ariane/i_cva6/issue_stage_i/i_scoreboard/mem_q_reg[0][sbe][rd][0]/CE
                            (rising edge-triggered cell FDCE clocked by clk_out1_xlnx_clk_gen  {rise@0.000ns fall@10.000ns period=20.000ns})
  Path Group:             clk_out1_xlnx_clk_gen
  Path Type:              Setup (Max at Slow Process Corner)
  Requirement:            20.000ns  (clk_out1_xlnx_clk_gen rise@20.000ns - clk_out1_xlnx_clk_gen rise@0.000ns)
  Data Path Delay:        19.942ns  (logic 3.733ns (18.719%)  route 16.209ns (81.281%))
  Logic Levels:           25  (LUT3=1 LUT4=3 LUT5=2 LUT6=19)
  Clock Path Skew:        -0.145ns (DCD - SCD + CPR)
    Destination Clock Delay (DCD):    -2.245ns = ( 17.755 - 20.000 ) 
    Source Clock Delay      (SCD):    -1.569ns
    Clock Pessimism Removal (CPR):    0.531ns
  Clock Uncertainty:      0.079ns  ((TSJ^2 + DJ^2)^1/2) / 2 + PE
    Total System Jitter     (TSJ):    0.071ns
    Discrete Jitter          (DJ):    0.142ns
    Phase Error              (PE):    0.000ns

    Location             Delay type                Incr(ns)  Path(ns)    Netlist Resource(s)
  -------------------------------------------------------------------    -------------------
                         (clock clk_out1_xlnx_clk_gen rise edge)
                                                      0.000     0.000 r  
    K17                                               0.000     0.000 r  clk_sys (IN)
                         net (fo=0)                   0.000     0.000    i_xlnx_clk_gen/inst/clk_in1
    K17                  IBUF (Prop_ibuf_I_O)         1.475     1.475 r  i_xlnx_clk_gen/inst/clkin1_ibufg/O
                         net (fo=1, unplaced)         0.584     2.059    i_xlnx_clk_gen/inst/clk_in1_xlnx_clk_gen
                         MMCME2_ADV (Prop_mmcme2_adv_CLKIN1_CLKOUT0)
                                                     -5.113    -3.054 r  i_xlnx_clk_gen/inst/mmcm_adv_inst/CLKOUT0
                         net (fo=1, unplaced)         0.800    -2.254    i_xlnx_clk_gen/inst/clk_out1_xlnx_clk_gen
                         BUFG (Prop_bufg_I_O)         0.101    -2.153 r  i_xlnx_clk_gen/inst/clkout1_buf/O
                         net (fo=17504, unplaced)     0.584    -1.569    i_ariane/i_cva6/issue_stage_i/i_scoreboard/clk_out1
                         FDCE                                         r  i_ariane/i_cva6/issue_stage_i/i_scoreboard/commit_pointer_q_reg[0][1]/C
  -------------------------------------------------------------------    -------------------
                         FDCE (Prop_fdce_C_Q)         0.478    -1.091 r  i_ariane/i_cva6/issue_stage_i/i_scoreboard/commit_pointer_q_reg[0][1]/Q
                         net (fo=113, unplaced)       1.068    -0.023    i_ariane/i_cva6/issue_stage_i/commit_pointer_q_reg[0][1][1]
                         LUT6 (Prop_lut6_I0_O)        0.295     0.272 f  i_ariane/i_cva6/issue_stage_i/i___558/O
                         net (fo=13, unplaced)        1.161     1.433    i_ariane/i_cva6/issue_stage_i/i_scoreboard/commit_instr_id_commit[0][fu][3]
                         LUT6 (Prop_lut6_I2_O)        0.124     1.557 r  i_ariane/i_cva6/issue_stage_i/i_scoreboard/dcsr_q[step]_i_19/O
                         net (fo=1, unplaced)         1.111     2.668    i_ariane/i_cva6/issue_stage_i/i_scoreboard/csr_op_commit_csr[5]
                         LUT6 (Prop_lut6_I1_O)        0.124     2.792 r  i_ariane/i_cva6/issue_stage_i/i_scoreboard/dcsr_q[step]_i_14/O
                         net (fo=2, unplaced)         0.460     3.252    i_ariane/i_cva6/issue_stage_i/i_scoreboard/privilege_violation1
                         LUT6 (Prop_lut6_I3_O)        0.124     3.376 f  i_ariane/i_cva6/issue_stage_i/i_scoreboard/dcsr_q[step]_i_5/O
                         net (fo=149, unplaced)       0.529     3.905    i_ariane/i_cva6/ex_stage_i/csr_buffer_i/p_34_in
                         LUT6 (Prop_lut6_I1_O)        0.124     4.029 f  i_ariane/i_cva6/ex_stage_i/csr_buffer_i/i___132_i_2__1/O
                         net (fo=4, unplaced)         0.473     4.502    i_ariane/i_cva6/issue_stage_i/i_scoreboard/csr_exception_csr_commit[valid]
                         LUT4 (Prop_lut4_I1_O)        0.124     4.626 f  i_ariane/i_cva6/issue_stage_i/i_scoreboard/i___63_i_4__0/O
                         net (fo=46, unplaced)        0.499     5.125    i_ariane/i_cva6/issue_stage_i/i_scoreboard/wfi_q_reg
                         LUT6 (Prop_lut6_I3_O)        0.124     5.249 f  i_ariane/i_cva6/issue_stage_i/i_scoreboard/scause_q[8]_i_3/O
                         net (fo=9, unplaced)         0.490     5.739    i_ariane/i_cva6/issue_stage_i/i_scoreboard/csr_regfile_i/priv_lvl_d0
                         LUT6 (Prop_lut6_I4_O)        0.124     5.863 r  i_ariane/i_cva6/issue_stage_i/i_scoreboard/i___63_i_12/O
                         net (fo=1, unplaced)         0.449     6.312    i_ariane/i_cva6/issue_stage_i/i_scoreboard/i___63_i_12_n_1
                         LUT6 (Prop_lut6_I3_O)        0.124     6.436 f  i_ariane/i_cva6/issue_stage_i/i_scoreboard/i___63_i_6__0/O
                         net (fo=4, unplaced)         0.473     6.909    i_ariane/i_cva6/issue_stage_i/i_scoreboard/i___63_i_6__0_n_1
                         LUT4 (Prop_lut4_I3_O)        0.116     7.025 r  i_ariane/i_cva6/issue_stage_i/i_scoreboard/i___63_i_1__1/O
                         net (fo=149, unplaced)       0.559     7.584    i_ariane/i_cva6/ex_stage_i/i_mult/i_div/flush_ctrl_id
                         LUT5 (Prop_lut5_I4_O)        0.124     7.708 f  i_ariane/i_cva6/ex_stage_i/i_mult/i_div/i___261_i_3/O
                         net (fo=3, unplaced)         0.467     8.175    i_ariane/i_cva6/ex_stage_i/mult_valid_0
                         LUT3 (Prop_lut3_I2_O)        0.124     8.299 r  i_ariane/i_cva6/ex_stage_i/i___54_i_3/O
                         net (fo=34, unplaced)        0.522     8.821    i_ariane/i_cva6/ex_stage_i/i___54_i_3_n_1
                         LUT5 (Prop_lut5_I1_O)        0.124     8.945 r  i_ariane/i_cva6/ex_stage_i/i___54_i_1/O
                         net (fo=14, unplaced)        0.500     9.445    i_ariane/i_cva6/issue_stage_i/i_scoreboard/flu_trans_id_ex_id[1]
                         LUT6 (Prop_lut6_I4_O)        0.124     9.569 r  i_ariane/i_cva6/issue_stage_i/i_scoreboard/i___190_i_10/O
                         net (fo=5, unplaced)         0.930    10.499    i_ariane/i_cva6/issue_stage_i/i_scoreboard/i___190_i_10_n_1
                         LUT6 (Prop_lut6_I0_O)        0.124    10.623 f  i_ariane/i_cva6/issue_stage_i/i_scoreboard/i___117_i_19/O
                         net (fo=1, unplaced)         0.419    11.042    i_ariane/i_cva6/issue_stage_i/i_scoreboard/i___117_i_19_n_1
                         LUT6 (Prop_lut6_I2_O)        0.124    11.166 r  i_ariane/i_cva6/issue_stage_i/i_scoreboard/i___117_i_4__0/O
                         net (fo=5, unplaced)         0.477    11.643    i_ariane/i_cva6/issue_stage_i/i_scoreboard/rs1_fwd_req[2]
                         LUT6 (Prop_lut6_I1_O)        0.124    11.767 r  i_ariane/i_cva6/issue_stage_i/i_scoreboard/i___116_i_1/O
                         net (fo=3, unplaced)         0.467    12.234    i_ariane/i_cva6/id_stage_i/mem_q[0][sbe][fu][2]_i_13_0
                         LUT4 (Prop_lut4_I1_O)        0.116    12.350 r  i_ariane/i_cva6/id_stage_i/operand_a_q[31]_i_8/O
                         net (fo=2, unplaced)         0.460    12.810    i_ariane/i_cva6/issue_stage_i/rs1_valid_sb_iro
                         LUT6 (Prop_lut6_I0_O)        0.124    12.934 r  i_ariane/i_cva6/issue_stage_i/mem_q[0][sbe][fu][2]_i_13/O
                         net (fo=1, unplaced)         0.449    13.383    i_ariane/i_cva6/issue_stage_i/mem_q[0][sbe][fu][2]_i_13_n_1
                         LUT6 (Prop_lut6_I5_O)        0.124    13.507 f  i_ariane/i_cva6/issue_stage_i/mem_q[0][sbe][fu][2]_i_5/O
                         net (fo=1, unplaced)         0.449    13.956    i_ariane/i_cva6/issue_stage_i/mem_q[0][sbe][fu][2]_i_5_n_1
                         LUT6 (Prop_lut6_I0_O)        0.124    14.080 r  i_ariane/i_cva6/issue_stage_i/mem_q[0][sbe][fu][2]_i_2/O
                         net (fo=21, unplaced)        0.510    14.590    i_ariane/i_cva6/issue_stage_i/i_scoreboard/mem_q_reg[0][sbe][fu][2]_1
                         LUT6 (Prop_lut6_I1_O)        0.124    14.714 f  i_ariane/i_cva6/issue_stage_i/i_scoreboard/i___31_i_11/O
                         net (fo=4, unplaced)         0.926    15.640    i_ariane/i_cva6/issue_stage_i/i_scoreboard/i___31_i_11_n_1
                         LUT6 (Prop_lut6_I3_O)        0.124    15.764 f  i_ariane/i_cva6/issue_stage_i/i_scoreboard/i___31_i_7/O
                         net (fo=4, unplaced)         0.926    16.690    i_ariane/i_cva6/issue_stage_i/i_scoreboard/i___31_i_7_n_1
                         LUT6 (Prop_lut6_I2_O)        0.124    16.814 r  i_ariane/i_cva6/issue_stage_i/i_scoreboard/i___46_i_2/O
                         net (fo=6, unplaced)         0.934    17.748    i_ariane/i_cva6/issue_stage_i/i_scoreboard/gen_register.d_o_reg[99]_2
                         LUT6 (Prop_lut6_I2_O)        0.124    17.872 r  i_ariane/i_cva6/issue_stage_i/i_scoreboard/mem_q[0][sbe][rd][4]_i_1/O
                         net (fo=5, unplaced)         0.501    18.373    i_ariane/i_cva6/issue_stage_i/i_scoreboard/mem_q[0][sbe][rd][4]_i_1_n_1
                         FDCE                                         r  i_ariane/i_cva6/issue_stage_i/i_scoreboard/mem_q_reg[0][sbe][rd][0]/CE
  -------------------------------------------------------------------    -------------------

                         (clock clk_out1_xlnx_clk_gen rise edge)
                                                     20.000    20.000 r  
    K17                                               0.000    20.000 r  clk_sys (IN)
                         net (fo=0)                   0.000    20.000    i_xlnx_clk_gen/inst/clk_in1
    K17                  IBUF (Prop_ibuf_I_O)         1.404    21.404 r  i_xlnx_clk_gen/inst/clkin1_ibufg/O
                         net (fo=1, unplaced)         0.439    21.843    i_xlnx_clk_gen/inst/clk_in1_xlnx_clk_gen
                         MMCME2_ADV (Prop_mmcme2_adv_CLKIN1_CLKOUT0)
                                                     -5.378    16.466 r  i_xlnx_clk_gen/inst/mmcm_adv_inst/CLKOUT0
                         net (fo=1, unplaced)         0.760    17.225    i_xlnx_clk_gen/inst/clk_out1_xlnx_clk_gen
                         BUFG (Prop_bufg_I_O)         0.091    17.316 r  i_xlnx_clk_gen/inst/clkout1_buf/O
                         net (fo=17504, unplaced)     0.439    17.755    i_ariane/i_cva6/issue_stage_i/i_scoreboard/clk_out1
                         FDCE                                         r  i_ariane/i_cva6/issue_stage_i/i_scoreboard/mem_q_reg[0][sbe][rd][0]/C
                         clock pessimism              0.531    18.286    
                         clock uncertainty           -0.079    18.206    
                         FDCE (Setup_fdce_C_CE)      -0.202    18.004    i_ariane/i_cva6/issue_stage_i/i_scoreboard/mem_q_reg[0][sbe][rd][0]
  -------------------------------------------------------------------
                         required time                         18.004    
                         arrival time                         -18.373    
  -------------------------------------------------------------------
                         slack                                 -0.368    

Slack (MET) :             5.757ns  (required time - arrival time)
  Source:                 i_dmi_jtag/i_dmi_jtag_tap/td_o_reg/C
                            (rising edge-triggered cell FDCE clocked by tck'  {rise@0.000ns fall@50.000ns period=100.000ns})
  Destination:            tdo
                            (output port clocked by tck  {rise@0.000ns fall@50.000ns period=100.000ns})
  Path Group:             tck
  Path Type:              Max at Slow Process Corner
  Requirement:            20.000ns  (MaxDelay Path 20.000ns)
  Data Path Delay:        5.049ns  (logic 4.249ns (84.161%)  route 0.800ns (15.839%))
  Logic Levels:           1  (OBUF=1)
  Output Delay:           5.000ns
  Clock Path Skew:        -3.693ns (DCD - SCD + CPR)
    Destination Clock Delay (DCD):    0.000ns
    Source Clock Delay      (SCD):    3.693ns
    Clock Pessimism Removal (CPR):    0.000ns
  Clock Uncertainty:      0.501ns  ((TSJ^2 + TIJ^2)^1/2 + DJ) / 2 + PE
    Total System Jitter     (TSJ):    0.071ns
    Total Input Jitter      (TIJ):    1.000ns
    Discrete Jitter          (DJ):    0.000ns
    Phase Error              (PE):    0.000ns
  Timing Exception:       MaxDelay Path 20.000ns

    Location             Delay type                Incr(ns)  Path(ns)    Netlist Resource(s)
  -------------------------------------------------------------------    -------------------
                         (clock tck fall edge)        0.000     0.000 f  
    H15                                               0.000     0.000 f  tck (IN)
                         net (fo=0)                   0.000     0.000    tck
    H15                  IBUF (Prop_ibuf_I_O)         1.500     1.500 f  tck_IBUF_inst/O
                         net (fo=1, unplaced)         0.800     2.300    tck_IBUF
                         BUFG (Prop_bufg_I_O)         0.101     2.401 f  tck_IBUF_BUFG_inst/O
                         net (fo=258, unplaced)       0.584     2.985    tck_IBUF_BUFG
                         LUT1 (Prop_lut1_I0_O)        0.124     3.109 r  td_o_reg_i_2/O
                         net (fo=1, unplaced)         0.584     3.693    i_dmi_jtag/i_dmi_jtag_tap/tck_ni
                         FDCE                                         r  i_dmi_jtag/i_dmi_jtag_tap/td_o_reg/C
  -------------------------------------------------------------------    -------------------
                         FDCE (Prop_fdce_C_Q)         0.518     4.211 r  i_dmi_jtag/i_dmi_jtag_tap/td_o_reg/Q
                         net (fo=1, unplaced)         0.800     5.011    tdo_OBUF
    J15                  OBUF (Prop_obuf_I_O)         3.731     8.742 r  tdo_OBUF_inst/O
                         net (fo=0)                   0.000     8.742    tdo
    J15                                                               r  tdo (OUT)
  -------------------------------------------------------------------    -------------------

                         max delay                   20.000    20.000    
                         clock pessimism              0.000    20.000    
                         clock uncertainty           -0.501    19.499    
                         output delay                -5.000    14.499    
  -------------------------------------------------------------------
                         required time                         14.499    
                         arrival time                          -8.742    
  -------------------------------------------------------------------
                         slack                                  5.757    

Slack (MET) :             17.010ns  (required time - arrival time)
  Source:                 i_axi_dwidth_converter_dm_slave/inst/gen_downsizer.gen_simple_downsizer.axi_downsizer_inst/USE_READ.read_addr_inst/cmd_queue/inst/fifo_gen_inst/inst_fifo_gen/gconvfifo.rf/grf.rf/rstblk/ngwrdrst.grst.g7serrst.gnsckt_wrst.gcc_rst.sckt_wr_rst_cc_reg[1]/C
                            (rising edge-triggered cell FDRE clocked by clk_out1_xlnx_clk_gen  {rise@0.000ns fall@10.000ns period=20.000ns})
  Destination:            i_axi_dwidth_converter_dm_slave/inst/gen_downsizer.gen_simple_downsizer.axi_downsizer_inst/USE_READ.read_addr_inst/cmd_queue/inst/fifo_gen_inst/inst_fifo_gen/gconvfifo.rf/grf.rf/gntv_or_sync_fifo.gl0.rd/gr1.gr1_int.rfwft/aempty_fwft_fb_i_reg/PRE
                            (recovery check against rising-edge clock clk_out1_xlnx_clk_gen  {rise@0.000ns fall@10.000ns period=20.000ns})
  Path Group:             **async_default**
  Path Type:              Recovery (Max at Slow Process Corner)
  Requirement:            20.000ns  (clk_out1_xlnx_clk_gen rise@20.000ns - clk_out1_xlnx_clk_gen rise@0.000ns)
  Data Path Delay:        2.372ns  (logic 0.773ns (32.589%)  route 1.599ns (67.411%))
  Logic Levels:           1  (LUT3=1)
  Clock Path Skew:        -0.145ns (DCD - SCD + CPR)
    Destination Clock Delay (DCD):    -2.245ns = ( 17.755 - 20.000 ) 
    Source Clock Delay      (SCD):    -1.569ns
    Clock Pessimism Removal (CPR):    0.531ns
  Clock Uncertainty:      0.079ns  ((TSJ^2 + DJ^2)^1/2) / 2 + PE
    Total System Jitter     (TSJ):    0.071ns
    Discrete Jitter          (DJ):    0.142ns
    Phase Error              (PE):    0.000ns

    Location             Delay type                Incr(ns)  Path(ns)    Netlist Resource(s)
  -------------------------------------------------------------------    -------------------
                         (clock clk_out1_xlnx_clk_gen rise edge)
                                                      0.000     0.000 r  
    K17                                               0.000     0.000 r  clk_sys (IN)
                         net (fo=0)                   0.000     0.000    i_xlnx_clk_gen/inst/clk_in1
    K17                  IBUF (Prop_ibuf_I_O)         1.475     1.475 r  i_xlnx_clk_gen/inst/clkin1_ibufg/O
                         net (fo=1, unplaced)         0.584     2.059    i_xlnx_clk_gen/inst/clk_in1_xlnx_clk_gen
                         MMCME2_ADV (Prop_mmcme2_adv_CLKIN1_CLKOUT0)
                                                     -5.113    -3.054 r  i_xlnx_clk_gen/inst/mmcm_adv_inst/CLKOUT0
                         net (fo=1, unplaced)         0.800    -2.254    i_xlnx_clk_gen/inst/clk_out1_xlnx_clk_gen
                         BUFG (Prop_bufg_I_O)         0.101    -2.153 r  i_xlnx_clk_gen/inst/clkout1_buf/O
                         net (fo=17504, unplaced)     0.584    -1.569    i_axi_dwidth_converter_dm_slave/inst/gen_downsizer.gen_simple_downsizer.axi_downsizer_inst/USE_READ.read_addr_inst/cmd_queue/inst/fifo_gen_inst/inst_fifo_gen/gconvfifo.rf/grf.rf/rstblk/clk
                         FDRE                                         r  i_axi_dwidth_converter_dm_slave/inst/gen_downsizer.gen_simple_downsizer.axi_downsizer_inst/USE_READ.read_addr_inst/cmd_queue/inst/fifo_gen_inst/inst_fifo_gen/gconvfifo.rf/grf.rf/rstblk/ngwrdrst.grst.g7serrst.gnsckt_wrst.gcc_rst.sckt_wr_rst_cc_reg[1]/C
  -------------------------------------------------------------------    -------------------
                         FDRE (Prop_fdre_C_Q)         0.478    -1.091 f  i_axi_dwidth_converter_dm_slave/inst/gen_downsizer.gen_simple_downsizer.axi_downsizer_inst/USE_READ.read_addr_inst/cmd_queue/inst/fifo_gen_inst/inst_fifo_gen/gconvfifo.rf/grf.rf/rstblk/ngwrdrst.grst.g7serrst.gnsckt_wrst.gcc_rst.sckt_wr_rst_cc_reg[1]/Q
                         net (fo=2, unplaced)         0.752    -0.339    i_axi_dwidth_converter_dm_slave/inst/gen_downsizer.gen_simple_downsizer.axi_downsizer_inst/USE_READ.read_addr_inst/cmd_queue/inst/fifo_gen_inst/inst_fifo_gen/gconvfifo.rf/grf.rf/rstblk/ngwrdrst.grst.g7serrst.gnsckt_wrst.gcc_rst.sckt_wr_rst_cc[1]
                         LUT3 (Prop_lut3_I0_O)        0.295    -0.044 f  i_axi_dwidth_converter_dm_slave/inst/gen_downsizer.gen_simple_downsizer.axi_downsizer_inst/USE_READ.read_addr_inst/cmd_queue/inst/fifo_gen_inst/inst_fifo_gen/gconvfifo.rf/grf.rf/rstblk/gpregsm1.curr_fwft_state[1]_i_2/O
                         net (fo=32, unplaced)        0.847     0.803    i_axi_dwidth_converter_dm_slave/inst/gen_downsizer.gen_simple_downsizer.axi_downsizer_inst/USE_READ.read_addr_inst/cmd_queue/inst/fifo_gen_inst/inst_fifo_gen/gconvfifo.rf/grf.rf/gntv_or_sync_fifo.gl0.rd/gr1.gr1_int.rfwft/gpregsm1.user_valid_reg_0
                         FDPE                                         f  i_axi_dwidth_converter_dm_slave/inst/gen_downsizer.gen_simple_downsizer.axi_downsizer_inst/USE_READ.read_addr_inst/cmd_queue/inst/fifo_gen_inst/inst_fifo_gen/gconvfifo.rf/grf.rf/gntv_or_sync_fifo.gl0.rd/gr1.gr1_int.rfwft/aempty_fwft_fb_i_reg/PRE
  -------------------------------------------------------------------    -------------------

                         (clock clk_out1_xlnx_clk_gen rise edge)
                                                     20.000    20.000 r  
    K17                                               0.000    20.000 r  clk_sys (IN)
                         net (fo=0)                   0.000    20.000    i_xlnx_clk_gen/inst/clk_in1
    K17                  IBUF (Prop_ibuf_I_O)         1.404    21.404 r  i_xlnx_clk_gen/inst/clkin1_ibufg/O
                         net (fo=1, unplaced)         0.439    21.843    i_xlnx_clk_gen/inst/clk_in1_xlnx_clk_gen
                         MMCME2_ADV (Prop_mmcme2_adv_CLKIN1_CLKOUT0)
                                                     -5.378    16.466 r  i_xlnx_clk_gen/inst/mmcm_adv_inst/CLKOUT0
                         net (fo=1, unplaced)         0.760    17.225    i_xlnx_clk_gen/inst/clk_out1_xlnx_clk_gen
                         BUFG (Prop_bufg_I_O)         0.091    17.316 r  i_xlnx_clk_gen/inst/clkout1_buf/O
                         net (fo=17504, unplaced)     0.439    17.755    i_axi_dwidth_converter_dm_slave/inst/gen_downsizer.gen_simple_downsizer.axi_downsizer_inst/USE_READ.read_addr_inst/cmd_queue/inst/fifo_gen_inst/inst_fifo_gen/gconvfifo.rf/grf.rf/gntv_or_sync_fifo.gl0.rd/gr1.gr1_int.rfwft/clk
                         FDPE                                         r  i_axi_dwidth_converter_dm_slave/inst/gen_downsizer.gen_simple_downsizer.axi_downsizer_inst/USE_READ.read_addr_inst/cmd_queue/inst/fifo_gen_inst/inst_fifo_gen/gconvfifo.rf/grf.rf/gntv_or_sync_fifo.gl0.rd/gr1.gr1_int.rfwft/aempty_fwft_fb_i_reg/C
                         clock pessimism              0.531    18.286    
                         clock uncertainty           -0.079    18.206    
                         FDPE (Recov_fdpe_C_PRE)     -0.394    17.812    i_axi_dwidth_converter_dm_slave/inst/gen_downsizer.gen_simple_downsizer.axi_downsizer_inst/USE_READ.read_addr_inst/cmd_queue/inst/fifo_gen_inst/inst_fifo_gen/gconvfifo.rf/grf.rf/gntv_or_sync_fifo.gl0.rd/gr1.gr1_int.rfwft/aempty_fwft_fb_i_reg
  -------------------------------------------------------------------
                         required time                         17.812    
                         arrival time                          -0.803    
  -------------------------------------------------------------------
                         slack                                 17.010    




