Copyright 1986-2022 Xilinx, Inc. All Rights Reserved. Copyright 2022-2024 Advanced Micro Devices, Inc. All Rights Reserved.
---------------------------------------------------------------------------------------------------------------------------------------------
| Tool Version : Vivado v.2024.1 (lin64) Build 5076996 Wed May 22 18:36:09 MDT 2024
| Date         : Tue Jun  9 17:32:43 2026
| Host         : EQI07362 running 64-bit Ubuntu 22.04.5 LTS
| Command      : report_timing -nworst 1 -delay_type max -sort_by group -file reports_cva6_fpga_impl/cva6_fpga.timing.rpt
| Design       : cva6_zybo_z7_20
| Device       : 7z020-clg400
| Speed File   : -1  PRODUCTION 1.12 2019-11-22
| Design State : Routed
---------------------------------------------------------------------------------------------------------------------------------------------

Timing Report

Slack (VIOLATED) :        -0.098ns  (required time - arrival time)
  Source:                 i_ariane/i_cva6/issue_stage_i/i_scoreboard/commit_pointer_q_reg[0][1]/C
                            (rising edge-triggered cell FDCE clocked by clk_out1_xlnx_clk_gen  {rise@0.000ns fall@10.000ns period=20.000ns})
  Destination:            i_ariane/i_cva6/issue_stage_i/i_scoreboard/mem_q_reg[3][sbe][ex][tval][25]/CE
                            (rising edge-triggered cell FDCE clocked by clk_out1_xlnx_clk_gen  {rise@0.000ns fall@10.000ns period=20.000ns})
  Path Group:             clk_out1_xlnx_clk_gen
  Path Type:              Setup (Max at Slow Process Corner)
  Requirement:            20.000ns  (clk_out1_xlnx_clk_gen rise@20.000ns - clk_out1_xlnx_clk_gen rise@0.000ns)
  Data Path Delay:        19.661ns  (logic 3.845ns (19.556%)  route 15.816ns (80.444%))
  Logic Levels:           20  (LUT2=1 LUT3=1 LUT4=4 LUT5=2 LUT6=12)
  Clock Path Skew:        -0.152ns (DCD - SCD + CPR)
    Destination Clock Delay (DCD):    -1.674ns = ( 18.326 - 20.000 ) 
    Source Clock Delay      (SCD):    -1.055ns
    Clock Pessimism Removal (CPR):    0.467ns
  Clock Uncertainty:      0.079ns  ((TSJ^2 + DJ^2)^1/2) / 2 + PE
    Total System Jitter     (TSJ):    0.071ns
    Discrete Jitter          (DJ):    0.142ns
    Phase Error              (PE):    0.000ns

    Location             Delay type                Incr(ns)  Path(ns)    Netlist Resource(s)
  -------------------------------------------------------------------    -------------------
                         (clock clk_out1_xlnx_clk_gen rise edge)
                                                      0.000     0.000 r  
    K17                                               0.000     0.000 r  clk_sys (IN)
                         net (fo=0)                   0.000     0.000    i_xlnx_clk_gen/inst/clk_in1
    K17                  IBUF (Prop_ibuf_I_O)         1.475     1.475 r  i_xlnx_clk_gen/inst/clkin1_ibufg/O
                         net (fo=1, routed)           1.285     2.760    i_xlnx_clk_gen/inst/clk_in1_xlnx_clk_gen
    MMCME2_ADV_X1Y2      MMCME2_ADV (Prop_mmcme2_adv_CLKIN1_CLKOUT0)
                                                     -7.759    -4.999 r  i_xlnx_clk_gen/inst/mmcm_adv_inst/CLKOUT0
                         net (fo=1, routed)           2.206    -2.793    i_xlnx_clk_gen/inst/clk_out1_xlnx_clk_gen
    BUFGCTRL_X0Y16       BUFG (Prop_bufg_I_O)         0.101    -2.692 r  i_xlnx_clk_gen/inst/clkout1_buf/O
                         net (fo=16161, routed)       1.637    -1.055    i_ariane/i_cva6/issue_stage_i/i_scoreboard/clk_out1
    SLICE_X50Y90         FDCE                                         r  i_ariane/i_cva6/issue_stage_i/i_scoreboard/commit_pointer_q_reg[0][1]/C
  -------------------------------------------------------------------    -------------------
    SLICE_X50Y90         FDCE (Prop_fdce_C_Q)         0.478    -0.577 f  i_ariane/i_cva6/issue_stage_i/i_scoreboard/commit_pointer_q_reg[0][1]/Q
                         net (fo=11, routed)          0.881     0.304    i_ariane/i_cva6/issue_stage_i/i_scoreboard/commit_pointer_q_reg[0][1]_0[1]
    SLICE_X51Y91         LUT2 (Prop_lut2_I0_O)        0.301     0.605 r  i_ariane/i_cva6/issue_stage_i/i_scoreboard/speculative_read_pointer_q[1]_i_11/O
                         net (fo=178, routed)         1.075     1.679    i_ariane/i_cva6/issue_stage_i/i_scoreboard/speculative_read_pointer_q[1]_i_11_n_0
    SLICE_X52Y92         LUT4 (Prop_lut4_I2_O)        0.152     1.831 f  i_ariane/i_cva6/issue_stage_i/i_scoreboard/speculative_read_pointer_q[1]_i_10/O
                         net (fo=2, routed)           0.638     2.469    i_ariane/i_cva6/issue_stage_i/i_scoreboard/speculative_read_pointer_q[1]_i_10_n_0
    SLICE_X53Y92         LUT4 (Prop_lut4_I3_O)        0.326     2.795 r  i_ariane/i_cva6/issue_stage_i/i_scoreboard/speculative_read_pointer_q[1]_i_3/O
                         net (fo=10, routed)          1.078     3.873    i_ariane/i_cva6/issue_stage_i/i_scoreboard/mem_q_reg[1][sbe][fu][0]_0
    SLICE_X54Y90         LUT4 (Prop_lut4_I2_O)        0.150     4.023 f  i_ariane/i_cva6/issue_stage_i/i_scoreboard/dcsr_q[step]_i_21/O
                         net (fo=1, routed)           1.079     5.102    i_ariane/i_cva6/issue_stage_i/i_scoreboard/csr_op_commit_csr[3]
    SLICE_X54Y90         LUT6 (Prop_lut6_I3_O)        0.328     5.430 r  i_ariane/i_cva6/issue_stage_i/i_scoreboard/dcsr_q[step]_i_14/O
                         net (fo=4, routed)           0.770     6.200    i_ariane/i_cva6/ex_stage_i/csr_buffer_i/privilege_violation1
    SLICE_X60Y90         LUT6 (Prop_lut6_I3_O)        0.124     6.324 f  i_ariane/i_cva6/ex_stage_i/csr_buffer_i/scause_q[8]_i_14/O
                         net (fo=2, routed)           0.591     6.916    i_ariane/i_cva6/ex_stage_i/csr_buffer_i/scause_q[8]_i_14_n_0
    SLICE_X56Y90         LUT6 (Prop_lut6_I0_O)        0.124     7.040 f  i_ariane/i_cva6/ex_stage_i/csr_buffer_i/scause_q[8]_i_9/O
                         net (fo=1, routed)           0.612     7.652    i_ariane/i_cva6/issue_stage_i/i_scoreboard/scause_q[8]_i_3_1
    SLICE_X54Y89         LUT6 (Prop_lut6_I2_O)        0.124     7.776 f  i_ariane/i_cva6/issue_stage_i/i_scoreboard/scause_q[8]_i_6/O
                         net (fo=1, routed)           0.535     8.311    i_ariane/i_cva6/issue_stage_i/i_scoreboard/scause_q[8]_i_6_n_0
    SLICE_X51Y90         LUT5 (Prop_lut5_I4_O)        0.124     8.435 f  i_ariane/i_cva6/issue_stage_i/i_scoreboard/scause_q[8]_i_3/O
                         net (fo=8, routed)           0.580     9.016    i_ariane/i_cva6/issue_stage_i/i_scoreboard/debug_mode_q_reg_1
    SLICE_X53Y91         LUT6 (Prop_lut6_I5_O)        0.124     9.140 r  i_ariane/i_cva6/issue_stage_i/i_scoreboard/FSM_sequential_state_q[3]_i_8/O
                         net (fo=3, routed)           0.417     9.556    i_ariane/i_cva6/issue_stage_i/i_scoreboard/FSM_sequential_state_q[3]_i_8_n_0
    SLICE_X53Y90         LUT6 (Prop_lut6_I1_O)        0.124     9.680 r  i_ariane/i_cva6/issue_stage_i/i_scoreboard/mem_q[0][sbe][result][31]_i_12/O
                         net (fo=54, routed)          0.961    10.642    i_ariane/i_cva6/ex_stage_i/i_mult/i_multiplier/operand_e_q[31]_i_24_0
    SLICE_X50Y93         LUT5 (Prop_lut5_I1_O)        0.150    10.792 r  i_ariane/i_cva6/ex_stage_i/i_mult/i_multiplier/mem_q[0][sbe][result][31]_i_25/O
                         net (fo=6, routed)           0.489    11.281    i_ariane/i_cva6/issue_stage_i/i_scoreboard/flu_trans_id_ex_id[0]
    SLICE_X51Y96         LUT6 (Prop_lut6_I3_O)        0.348    11.629 r  i_ariane/i_cva6/issue_stage_i/i_scoreboard/operand_e_q[31]_i_25/O
                         net (fo=14, routed)          1.000    12.629    i_ariane/i_cva6/issue_stage_i/i_scoreboard/mem_q_reg[3][sbe][rd][4]_0
    SLICE_X53Y100        LUT3 (Prop_lut3_I0_O)        0.124    12.753 f  i_ariane/i_cva6/issue_stage_i/i_scoreboard/operand_d_q[31]_i_21/O
                         net (fo=1, routed)           0.591    13.344    i_ariane/i_cva6/issue_stage_i/i_scoreboard/operand_d_q[31]_i_21_n_0
    SLICE_X53Y100        LUT6 (Prop_lut6_I2_O)        0.124    13.468 r  i_ariane/i_cva6/issue_stage_i/i_scoreboard/operand_d_q[31]_i_7/O
                         net (fo=34, routed)          0.626    14.095    i_ariane/i_cva6/issue_stage_i/i_scoreboard/operand_d_q[31]_i_7_n_0
    SLICE_X52Y99         LUT6 (Prop_lut6_I2_O)        0.124    14.219 f  i_ariane/i_cva6/issue_stage_i/i_scoreboard/mem_q[0][sbe][pc][31]_i_10/O
                         net (fo=1, routed)           0.582    14.800    i_ariane/i_cva6/id_stage_i/mem_q[0][sbe][pc][31]_i_3_2
    SLICE_X49Y97         LUT6 (Prop_lut6_I4_O)        0.124    14.924 f  i_ariane/i_cva6/id_stage_i/mem_q[0][sbe][pc][31]_i_4/O
                         net (fo=1, routed)           0.571    15.496    i_ariane/i_cva6/id_stage_i/mem_q[0][sbe][pc][31]_i_4_n_0
    SLICE_X49Y96         LUT6 (Prop_lut6_I0_O)        0.124    15.620 r  i_ariane/i_cva6/id_stage_i/mem_q[0][sbe][pc][31]_i_3/O
                         net (fo=26, routed)          0.714    16.333    i_ariane/i_cva6/issue_stage_i/i_scoreboard/issue_ack_iro_sb
    SLICE_X50Y94         LUT6 (Prop_lut6_I1_O)        0.124    16.457 r  i_ariane/i_cva6/issue_stage_i/i_scoreboard/mem_q[3][sbe][pc][31]_i_1/O
                         net (fo=52, routed)          0.859    17.316    i_ariane/i_cva6/issue_stage_i/i_issue_read_operands/mem_n
    SLICE_X49Y88         LUT4 (Prop_lut4_I3_O)        0.124    17.440 r  i_ariane/i_cva6/issue_stage_i/i_issue_read_operands/mem_q[3][sbe][ex][cause][31]_i_1/O
                         net (fo=38, routed)          1.166    18.606    i_ariane/i_cva6/issue_stage_i/i_scoreboard/mem_q_reg[3][sbe][ex][cause][0]_0[0]
    SLICE_X33Y82         FDCE                                         r  i_ariane/i_cva6/issue_stage_i/i_scoreboard/mem_q_reg[3][sbe][ex][tval][25]/CE
  -------------------------------------------------------------------    -------------------

                         (clock clk_out1_xlnx_clk_gen rise edge)
                                                     20.000    20.000 r  
    K17                                               0.000    20.000 r  clk_sys (IN)
                         net (fo=0)                   0.000    20.000    i_xlnx_clk_gen/inst/clk_in1
    K17                  IBUF (Prop_ibuf_I_O)         1.404    21.404 r  i_xlnx_clk_gen/inst/clkin1_ibufg/O
                         net (fo=1, routed)           1.162    22.566    i_xlnx_clk_gen/inst/clk_in1_xlnx_clk_gen
    MMCME2_ADV_X1Y2      MMCME2_ADV (Prop_mmcme2_adv_CLKIN1_CLKOUT0)
                                                     -7.814    14.752 r  i_xlnx_clk_gen/inst/mmcm_adv_inst/CLKOUT0
                         net (fo=1, routed)           2.012    16.764    i_xlnx_clk_gen/inst/clk_out1_xlnx_clk_gen
    BUFGCTRL_X0Y16       BUFG (Prop_bufg_I_O)         0.091    16.855 r  i_xlnx_clk_gen/inst/clkout1_buf/O
                         net (fo=16161, routed)       1.471    18.326    i_ariane/i_cva6/issue_stage_i/i_scoreboard/clk_out1
    SLICE_X33Y82         FDCE                                         r  i_ariane/i_cva6/issue_stage_i/i_scoreboard/mem_q_reg[3][sbe][ex][tval][25]/C
                         clock pessimism              0.467    18.792    
                         clock uncertainty           -0.079    18.713    
    SLICE_X33Y82         FDCE (Setup_fdce_C_CE)      -0.205    18.508    i_ariane/i_cva6/issue_stage_i/i_scoreboard/mem_q_reg[3][sbe][ex][tval][25]
  -------------------------------------------------------------------
                         required time                         18.508    
                         arrival time                         -18.606    
  -------------------------------------------------------------------
                         slack                                 -0.098    

Slack (MET) :             1.571ns  (required time - arrival time)
  Source:                 i_dmi_jtag/i_dmi_jtag_tap/td_o_reg/C
                            (falling edge-triggered cell FDCE clocked by tck  {rise@0.000ns fall@50.000ns period=100.000ns})
  Destination:            tdo
                            (output port clocked by tck  {rise@0.000ns fall@50.000ns period=100.000ns})
  Path Group:             tck
  Path Type:              Max at Slow Process Corner
  Requirement:            20.000ns  (MaxDelay Path 20.000ns)
  Data Path Delay:        5.606ns  (logic 4.080ns (72.787%)  route 1.526ns (27.213%))
  Logic Levels:           1  (OBUF=1)
  Output Delay:           5.000ns
  Clock Path Skew:        -7.321ns (DCD - SCD + CPR)
    Destination Clock Delay (DCD):    0.000ns
    Source Clock Delay      (SCD):    7.321ns
    Clock Pessimism Removal (CPR):    0.000ns
  Clock Uncertainty:      0.501ns  ((TSJ^2 + TIJ^2)^1/2 + DJ) / 2 + PE
    Total System Jitter     (TSJ):    0.071ns
    Total Input Jitter      (TIJ):    1.000ns
    Discrete Jitter          (DJ):    0.000ns
    Phase Error              (PE):    0.000ns
  Timing Exception:       MaxDelay Path 20.000ns

    Location             Delay type                Incr(ns)  Path(ns)    Netlist Resource(s)
  -------------------------------------------------------------------    -------------------
                         (clock tck fall edge)        0.000     0.000 f  
    H15                                               0.000     0.000 f  tck (IN)
                         net (fo=0)                   0.000     0.000    tck
    H15                  IBUF (Prop_ibuf_I_O)         1.500     1.500 f  tck_IBUF_inst/O
                         net (fo=1, routed)           3.659     5.159    tck_IBUF
    BUFGCTRL_X0Y0        BUFG (Prop_bufg_I_O)         0.101     5.260 f  tck_IBUF_BUFG_inst/O
                         net (fo=258, routed)         2.061     7.321    i_dmi_jtag/i_dmi_jtag_tap/tck_ni
    SLICE_X112Y100       FDCE                                         r  i_dmi_jtag/i_dmi_jtag_tap/td_o_reg/C  (IS_INVERTED)
  -------------------------------------------------------------------    -------------------
    SLICE_X112Y100       FDCE (Prop_fdce_C_Q)         0.524     7.845 r  i_dmi_jtag/i_dmi_jtag_tap/td_o_reg/Q
                         net (fo=1, routed)           1.526     9.371    tdo_OBUF
    J15                  OBUF (Prop_obuf_I_O)         3.556    12.927 r  tdo_OBUF_inst/O
                         net (fo=0)                   0.000    12.927    tdo
    J15                                                               r  tdo (OUT)
  -------------------------------------------------------------------    -------------------

                         max delay                   20.000    20.000    
                         clock pessimism              0.000    20.000    
                         clock uncertainty           -0.501    19.499    
                         output delay                -5.000    14.499    
  -------------------------------------------------------------------
                         required time                         14.499    
                         arrival time                         -12.927    
  -------------------------------------------------------------------
                         slack                                  1.571    

Slack (MET) :             16.357ns  (required time - arrival time)
  Source:                 i_dm_top/i_dm_csrs/dmcontrol_q_reg[ndmreset]/C
                            (rising edge-triggered cell FDCE clocked by clk_out1_xlnx_clk_gen  {rise@0.000ns fall@10.000ns period=20.000ns})
  Destination:            i_rstgen_main/i_rstgen_bypass/synch_regs_q_reg[3]/CLR
                            (recovery check against rising-edge clock clk_out1_xlnx_clk_gen  {rise@0.000ns fall@10.000ns period=20.000ns})
  Path Group:             **async_default**
  Path Type:              Recovery (Max at Slow Process Corner)
  Requirement:            20.000ns  (clk_out1_xlnx_clk_gen rise@20.000ns - clk_out1_xlnx_clk_gen rise@0.000ns)
  Data Path Delay:        3.031ns  (logic 0.580ns (19.138%)  route 2.451ns (80.862%))
  Logic Levels:           1  (LUT2=1)
  Clock Path Skew:        -0.128ns (DCD - SCD + CPR)
    Destination Clock Delay (DCD):    -1.589ns = ( 18.411 - 20.000 ) 
    Source Clock Delay      (SCD):    -0.893ns
    Clock Pessimism Removal (CPR):    0.567ns
  Clock Uncertainty:      0.079ns  ((TSJ^2 + DJ^2)^1/2) / 2 + PE
    Total System Jitter     (TSJ):    0.071ns
    Discrete Jitter          (DJ):    0.142ns
    Phase Error              (PE):    0.000ns

    Location             Delay type                Incr(ns)  Path(ns)    Netlist Resource(s)
  -------------------------------------------------------------------    -------------------
                         (clock clk_out1_xlnx_clk_gen rise edge)
                                                      0.000     0.000 r  
    K17                                               0.000     0.000 r  clk_sys (IN)
                         net (fo=0)                   0.000     0.000    i_xlnx_clk_gen/inst/clk_in1
    K17                  IBUF (Prop_ibuf_I_O)         1.475     1.475 r  i_xlnx_clk_gen/inst/clkin1_ibufg/O
                         net (fo=1, routed)           1.285     2.760    i_xlnx_clk_gen/inst/clk_in1_xlnx_clk_gen
    MMCME2_ADV_X1Y2      MMCME2_ADV (Prop_mmcme2_adv_CLKIN1_CLKOUT0)
                                                     -7.759    -4.999 r  i_xlnx_clk_gen/inst/mmcm_adv_inst/CLKOUT0
                         net (fo=1, routed)           2.206    -2.793    i_xlnx_clk_gen/inst/clk_out1_xlnx_clk_gen
    BUFGCTRL_X0Y16       BUFG (Prop_bufg_I_O)         0.101    -2.692 r  i_xlnx_clk_gen/inst/clkout1_buf/O
                         net (fo=16161, routed)       1.799    -0.893    i_dm_top/i_dm_csrs/clk_out1
    SLICE_X99Y38         FDCE                                         r  i_dm_top/i_dm_csrs/dmcontrol_q_reg[ndmreset]/C
  -------------------------------------------------------------------    -------------------
    SLICE_X99Y38         FDCE (Prop_fdce_C_Q)         0.456    -0.437 f  i_dm_top/i_dm_csrs/dmcontrol_q_reg[ndmreset]/Q
                         net (fo=3, routed)           0.850     0.413    i_dm_top/i_dm_csrs/ndmreset
    SLICE_X101Y43        LUT2 (Prop_lut2_I0_O)        0.124     0.537 f  i_dm_top/i_dm_csrs/synch_regs_q[3]_i_1/O
                         net (fo=4, routed)           1.600     2.137    i_rstgen_main/i_rstgen_bypass/synch_regs_q_reg[3]_1
    SLICE_X71Y40         FDCE                                         f  i_rstgen_main/i_rstgen_bypass/synch_regs_q_reg[3]/CLR
  -------------------------------------------------------------------    -------------------

                         (clock clk_out1_xlnx_clk_gen rise edge)
                                                     20.000    20.000 r  
    K17                                               0.000    20.000 r  clk_sys (IN)
                         net (fo=0)                   0.000    20.000    i_xlnx_clk_gen/inst/clk_in1
    K17                  IBUF (Prop_ibuf_I_O)         1.404    21.404 r  i_xlnx_clk_gen/inst/clkin1_ibufg/O
                         net (fo=1, routed)           1.162    22.566    i_xlnx_clk_gen/inst/clk_in1_xlnx_clk_gen
    MMCME2_ADV_X1Y2      MMCME2_ADV (Prop_mmcme2_adv_CLKIN1_CLKOUT0)
                                                     -7.814    14.752 r  i_xlnx_clk_gen/inst/mmcm_adv_inst/CLKOUT0
                         net (fo=1, routed)           2.012    16.764    i_xlnx_clk_gen/inst/clk_out1_xlnx_clk_gen
    BUFGCTRL_X0Y16       BUFG (Prop_bufg_I_O)         0.091    16.855 r  i_xlnx_clk_gen/inst/clkout1_buf/O
                         net (fo=16161, routed)       1.556    18.411    i_rstgen_main/i_rstgen_bypass/clk_out1
    SLICE_X71Y40         FDCE                                         r  i_rstgen_main/i_rstgen_bypass/synch_regs_q_reg[3]/C
                         clock pessimism              0.567    18.979    
                         clock uncertainty           -0.079    18.899    
    SLICE_X71Y40         FDCE (Recov_fdce_C_CLR)     -0.405    18.494    i_rstgen_main/i_rstgen_bypass/synch_regs_q_reg[3]
  -------------------------------------------------------------------
                         required time                         18.494    
                         arrival time                          -2.137    
  -------------------------------------------------------------------
                         slack                                 16.357    




