Copyright 1986-2022 Xilinx, Inc. All Rights Reserved. Copyright 2022-2024 Advanced Micro Devices, Inc. All Rights Reserved.
---------------------------------------------------------------------------------------------------------------------------------------------
| Tool Version : Vivado v.2024.1 (lin64) Build 5076996 Wed May 22 18:36:09 MDT 2024
| Date         : Thu Aug 13 14:42:01 2026
| Host         : EQI07362 running 64-bit Ubuntu 22.04.5 LTS
| Command      : report_timing -nworst 1 -delay_type max -sort_by group -file reports_cva6_fpga_impl/cva6_fpga.timing.rpt
| Design       : cva6_zybo_z7_20
| Device       : 7z020-clg400
| Speed File   : -1  PRODUCTION 1.12 2019-11-22
| Design State : Routed
---------------------------------------------------------------------------------------------------------------------------------------------

Timing Report

Slack (MET) :             0.517ns  (required time - arrival time)
  Source:                 i_ariane/i_cva6/issue_stage_i/i_issue_read_operands/operand_a_q_reg[1]/C
                            (rising edge-triggered cell FDCE clocked by clk_out1_xlnx_clk_gen  {rise@0.000ns fall@10.000ns period=20.000ns})
  Destination:            i_ariane/i_cva6/gen_cache_wt.i_cache_subsystem/i_wt_dcache/i_wt_dcache_mem/gen_data_banks[2].i_data_sram/gen_cut[0].i_tc_sram_wrapper/i_ram/Mem_DP_reg/ADDRBWRADDR[9]
                            (rising edge-triggered cell RAMB36E1 clocked by clk_out1_xlnx_clk_gen  {rise@0.000ns fall@10.000ns period=20.000ns})
  Path Group:             clk_out1_xlnx_clk_gen
  Path Type:              Setup (Max at Slow Process Corner)
  Requirement:            20.000ns  (clk_out1_xlnx_clk_gen rise@20.000ns - clk_out1_xlnx_clk_gen rise@0.000ns)
  Data Path Delay:        18.803ns  (logic 4.995ns (26.565%)  route 13.808ns (73.435%))
  Logic Levels:           19  (CARRY4=2 LUT3=3 LUT4=4 LUT5=4 LUT6=6)
  Clock Path Skew:        -0.035ns (DCD - SCD + CPR)
    Destination Clock Delay (DCD):    -1.561ns = ( 18.439 - 20.000 ) 
    Source Clock Delay      (SCD):    -0.959ns
    Clock Pessimism Removal (CPR):    0.567ns
  Clock Uncertainty:      0.079ns  ((TSJ^2 + DJ^2)^1/2) / 2 + PE
    Total System Jitter     (TSJ):    0.071ns
    Discrete Jitter          (DJ):    0.142ns
    Phase Error              (PE):    0.000ns

    Location             Delay type                Incr(ns)  Path(ns)    Netlist Resource(s)
  -------------------------------------------------------------------    -------------------
                         (clock clk_out1_xlnx_clk_gen rise edge)
                                                      0.000     0.000 r  
    K17                                               0.000     0.000 r  clk_sys (IN)
                         net (fo=0)                   0.000     0.000    i_xlnx_clk_gen/inst/clk_in1
    K17                  IBUF (Prop_ibuf_I_O)         1.475     1.475 r  i_xlnx_clk_gen/inst/clkin1_ibufg/O
                         net (fo=1, routed)           1.285     2.760    i_xlnx_clk_gen/inst/clk_in1_xlnx_clk_gen
    MMCME2_ADV_X1Y2      MMCME2_ADV (Prop_mmcme2_adv_CLKIN1_CLKOUT0)
                                                     -7.759    -4.999 r  i_xlnx_clk_gen/inst/mmcm_adv_inst/CLKOUT0
                         net (fo=1, routed)           2.206    -2.793    i_xlnx_clk_gen/inst/clk_out1_xlnx_clk_gen
    BUFGCTRL_X0Y16       BUFG (Prop_bufg_I_O)         0.101    -2.692 r  i_xlnx_clk_gen/inst/clkout1_buf/O
                         net (fo=15149, routed)       1.733    -0.959    i_ariane/i_cva6/issue_stage_i/i_issue_read_operands/clk_out1
    SLICE_X70Y6          FDCE                                         r  i_ariane/i_cva6/issue_stage_i/i_issue_read_operands/operand_a_q_reg[1]/C
  -------------------------------------------------------------------    -------------------
    SLICE_X70Y6          FDCE (Prop_fdce_C_Q)         0.456    -0.503 r  i_ariane/i_cva6/issue_stage_i/i_issue_read_operands/operand_a_q_reg[1]/Q
                         net (fo=15, routed)          0.812     0.309    i_ariane/i_cva6/issue_stage_i/i_issue_read_operands/fu_data_id_ex[operand_a][1]
    SLICE_X70Y9          LUT3 (Prop_lut3_I1_O)        0.124     0.433 r  i_ariane/i_cva6/issue_stage_i/i_issue_read_operands/address_off_q[3]_i_9/O
                         net (fo=1, routed)           0.000     0.433    i_ariane/i_cva6/issue_stage_i/i_issue_read_operands/address_off_q[3]_i_9_n_1
    SLICE_X70Y9          CARRY4 (Prop_carry4_S[1]_O[3])
                                                      0.640     1.073 r  i_ariane/i_cva6/issue_stage_i/i_issue_read_operands/address_off_q_reg[3]_i_2/O[3]
                         net (fo=4, routed)           1.303     2.376    i_ariane/i_cva6/ex_stage_i/lsu_i/lsu_bypass_i/misaligned_ex_q_reg[tval][3][3]
    SLICE_X95Y11         LUT6 (Prop_lut6_I5_O)        0.306     2.682 r  i_ariane/i_cva6/ex_stage_i/lsu_i/lsu_bypass_i/address_off_q[3]_i_1__0/O
                         net (fo=13, routed)          0.967     3.650    i_ariane/i_cva6/ex_stage_i/lsu_i/i_store_unit/store_buffer_i/page_offset_matches_o2_inferred__5/i__carry_0
    SLICE_X101Y11        LUT6 (Prop_lut6_I1_O)        0.124     3.774 r  i_ariane/i_cva6/ex_stage_i/lsu_i/i_store_unit/store_buffer_i/i__carry_i_3__6/O
                         net (fo=1, routed)           0.000     3.774    i_ariane/i_cva6/ex_stage_i/lsu_i/i_store_unit/store_buffer_i/i__carry_i_3__6_n_1
    SLICE_X101Y11        CARRY4 (Prop_carry4_S[0]_CO[2])
                                                      0.536     4.310 f  i_ariane/i_cva6/ex_stage_i/lsu_i/i_store_unit/store_buffer_i/page_offset_matches_o2_inferred__3/i__carry/CO[2]
                         net (fo=1, routed)           0.849     5.158    i_ariane/i_cva6/ex_stage_i/lsu_i/i_store_unit/store_buffer_i/page_offset_matches_o21_out
    SLICE_X104Y12        LUT4 (Prop_lut4_I1_O)        0.313     5.471 f  i_ariane/i_cva6/ex_stage_i/lsu_i/i_store_unit/store_buffer_i/i___145_i_7/O
                         net (fo=1, routed)           0.689     6.161    i_ariane/i_cva6/ex_stage_i/lsu_i/i_store_unit/store_buffer_i/i___145_i_7_n_1
    SLICE_X104Y12        LUT5 (Prop_lut5_I4_O)        0.124     6.285 f  i_ariane/i_cva6/ex_stage_i/lsu_i/i_store_unit/store_buffer_i/i___145_i_6/O
                         net (fo=1, routed)           0.638     6.923    i_ariane/i_cva6/ex_stage_i/lsu_i/i_store_unit/store_buffer_i/i___145_i_6_n_1
    SLICE_X104Y12        LUT6 (Prop_lut6_I5_O)        0.124     7.047 f  i_ariane/i_cva6/ex_stage_i/lsu_i/i_store_unit/store_buffer_i/i___145_i_4/O
                         net (fo=6, routed)           0.560     7.607    i_ariane/i_cva6/ex_stage_i/lsu_i/i_load_unit/page_offset_matches
    SLICE_X99Y12         LUT4 (Prop_lut4_I1_O)        0.124     7.731 r  i_ariane/i_cva6/ex_stage_i/lsu_i/i_load_unit/i___145_i_2/O
                         net (fo=3, routed)           0.463     8.194    i_ariane/i_cva6/ex_stage_i/lsu_i/i_load_unit/i___145_i_2_n_1
    SLICE_X99Y12         LUT3 (Prop_lut3_I2_O)        0.124     8.318 r  i_ariane/i_cva6/ex_stage_i/lsu_i/i_load_unit/i___145_i_1/O
                         net (fo=5, routed)           1.169     9.488    i_ariane/i_cva6/gen_cache_wt.i_cache_subsystem/dcache_req_ports_ex_cache[1][data_req]
    SLICE_X98Y23         LUT4 (Prop_lut4_I1_O)        0.148     9.636 r  i_ariane/i_cva6/gen_cache_wt.i_cache_subsystem/i___145/O
                         net (fo=11, routed)          0.529    10.164    i_ariane/i_cva6/gen_cache_wt.i_cache_subsystem/i_wt_dcache/i_wt_dcache_mem/i_rr_arb_tree/rd_ack_q_reg_0
    SLICE_X98Y23         LUT4 (Prop_lut4_I2_O)        0.328    10.492 f  i_ariane/i_cva6/gen_cache_wt.i_cache_subsystem/i_wt_dcache/i_wt_dcache_mem/i_rr_arb_tree/vld_sel_q[1]_i_1/O
                         net (fo=13, routed)          0.577    11.070    i_ariane/i_cva6/gen_cache_wt.i_cache_subsystem/i_wt_dcache_mem/vld_sel_d[1]
    SLICE_X98Y22         LUT6 (Prop_lut6_I1_O)        0.124    11.194 r  i_ariane/i_cva6/gen_cache_wt.i_cache_subsystem/i___117/O
                         net (fo=1, routed)           0.310    11.503    i_ariane/i_cva6/gen_cache_wt.i_cache_subsystem/i_wt_dcache/gen_rd_ports[0].i_wt_dcache_ctrl/address_off_q_reg[3]_0
    SLICE_X96Y22         LUT6 (Prop_lut6_I0_O)        0.124    11.627 r  i_ariane/i_cva6/gen_cache_wt.i_cache_subsystem/i_wt_dcache/gen_rd_ports[0].i_wt_dcache_ctrl/address_off_q[3]_i_1/O
                         net (fo=27, routed)          0.670    12.297    i_ariane/i_cva6/gen_cache_wt.i_cache_subsystem/i_wt_dcache/gen_rd_ports[0].i_wt_dcache_ctrl/FSM_sequential_state_q_reg[0]_0
    SLICE_X91Y23         LUT3 (Prop_lut3_I1_O)        0.118    12.415 r  i_ariane/i_cva6/gen_cache_wt.i_cache_subsystem/i_wt_dcache/gen_rd_ports[0].i_wt_dcache_ctrl/i___112_i_11/O
                         net (fo=2, routed)           0.490    12.906    i_ariane/i_cva6/gen_cache_wt.i_cache_subsystem/i_wt_dcache/i_wt_dcache_wbuffer/i_clean_rr/i___237_i_1_0[0]
    SLICE_X90Y23         LUT6 (Prop_lut6_I1_O)        0.326    13.232 r  i_ariane/i_cva6/gen_cache_wt.i_cache_subsystem/i_wt_dcache/i_wt_dcache_wbuffer/i_clean_rr/i___237_i_4/O
                         net (fo=1, routed)           0.791    14.023    i_ariane/i_cva6/gen_cache_wt.i_cache_subsystem/i_wt_dcache/gen_rd_ports[1].i_wt_dcache_ctrl/bank_off_q_reg[2]
    SLICE_X90Y23         LUT5 (Prop_lut5_I0_O)        0.150    14.173 r  i_ariane/i_cva6/gen_cache_wt.i_cache_subsystem/i_wt_dcache/gen_rd_ports[1].i_wt_dcache_ctrl/i___237_i_1/O
                         net (fo=5, routed)           0.851    15.024    i_ariane/i_cva6/gen_cache_wt.i_cache_subsystem/i_wt_dcache_n_364
    SLICE_X86Y23         LUT5 (Prop_lut5_I3_O)        0.354    15.378 r  i_ariane/i_cva6/gen_cache_wt.i_cache_subsystem/i___238/O
                         net (fo=9, routed)           0.758    16.136    i_ariane/i_cva6/gen_cache_wt.i_cache_subsystem/i_wt_dcache/i_wt_dcache_wbuffer/i_clean_rr/Mem_DP_reg_2
    SLICE_X80Y22         LUT5 (Prop_lut5_I1_O)        0.328    16.464 r  i_ariane/i_cva6/gen_cache_wt.i_cache_subsystem/i_wt_dcache/i_wt_dcache_wbuffer/i_clean_rr/Mem_DP_reg_i_6__2/O
                         net (fo=2, routed)           1.380    17.843    i_ariane/i_cva6/gen_cache_wt.i_cache_subsystem/i_wt_dcache/i_wt_dcache_mem/gen_data_banks[2].i_data_sram/gen_cut[0].i_tc_sram_wrapper/i_ram/Mem_DP_reg_18[3]
    RAMB36_X3Y4          RAMB36E1                                     r  i_ariane/i_cva6/gen_cache_wt.i_cache_subsystem/i_wt_dcache/i_wt_dcache_mem/gen_data_banks[2].i_data_sram/gen_cut[0].i_tc_sram_wrapper/i_ram/Mem_DP_reg/ADDRBWRADDR[9]
  -------------------------------------------------------------------    -------------------

                         (clock clk_out1_xlnx_clk_gen rise edge)
                                                     20.000    20.000 r  
    K17                                               0.000    20.000 r  clk_sys (IN)
                         net (fo=0)                   0.000    20.000    i_xlnx_clk_gen/inst/clk_in1
    K17                  IBUF (Prop_ibuf_I_O)         1.404    21.404 r  i_xlnx_clk_gen/inst/clkin1_ibufg/O
                         net (fo=1, routed)           1.162    22.566    i_xlnx_clk_gen/inst/clk_in1_xlnx_clk_gen
    MMCME2_ADV_X1Y2      MMCME2_ADV (Prop_mmcme2_adv_CLKIN1_CLKOUT0)
                                                     -7.814    14.752 r  i_xlnx_clk_gen/inst/mmcm_adv_inst/CLKOUT0
                         net (fo=1, routed)           2.012    16.764    i_xlnx_clk_gen/inst/clk_out1_xlnx_clk_gen
    BUFGCTRL_X0Y16       BUFG (Prop_bufg_I_O)         0.091    16.855 r  i_xlnx_clk_gen/inst/clkout1_buf/O
                         net (fo=15149, routed)       1.584    18.439    i_ariane/i_cva6/gen_cache_wt.i_cache_subsystem/i_wt_dcache/i_wt_dcache_mem/gen_data_banks[2].i_data_sram/gen_cut[0].i_tc_sram_wrapper/i_ram/clk_out1
    RAMB36_X3Y4          RAMB36E1                                     r  i_ariane/i_cva6/gen_cache_wt.i_cache_subsystem/i_wt_dcache/i_wt_dcache_mem/gen_data_banks[2].i_data_sram/gen_cut[0].i_tc_sram_wrapper/i_ram/Mem_DP_reg/CLKBWRCLK
                         clock pessimism              0.567    19.006    
                         clock uncertainty           -0.079    18.927    
    RAMB36_X3Y4          RAMB36E1 (Setup_ramb36e1_CLKBWRCLK_ADDRBWRADDR[9])
                                                     -0.566    18.361    i_ariane/i_cva6/gen_cache_wt.i_cache_subsystem/i_wt_dcache/i_wt_dcache_mem/gen_data_banks[2].i_data_sram/gen_cut[0].i_tc_sram_wrapper/i_ram/Mem_DP_reg
  -------------------------------------------------------------------
                         required time                         18.361    
                         arrival time                         -17.843    
  -------------------------------------------------------------------
                         slack                                  0.517    

Slack (MET) :             1.107ns  (required time - arrival time)
  Source:                 i_dmi_jtag/i_dmi_jtag_tap/td_o_reg/C
                            (falling edge-triggered cell FDCE clocked by tck  {rise@0.000ns fall@50.000ns period=100.000ns})
  Destination:            tdo
                            (output port clocked by tck  {rise@0.000ns fall@50.000ns period=100.000ns})
  Path Group:             tck
  Path Type:              Max at Slow Process Corner
  Requirement:            20.000ns  (MaxDelay Path 20.000ns)
  Data Path Delay:        6.268ns  (logic 4.015ns (64.057%)  route 2.253ns (35.943%))
  Logic Levels:           1  (OBUF=1)
  Output Delay:           5.000ns
  Clock Path Skew:        -7.123ns (DCD - SCD + CPR)
    Destination Clock Delay (DCD):    0.000ns
    Source Clock Delay      (SCD):    7.123ns
    Clock Pessimism Removal (CPR):    0.000ns
  Clock Uncertainty:      0.501ns  ((TSJ^2 + TIJ^2)^1/2 + DJ) / 2 + PE
    Total System Jitter     (TSJ):    0.071ns
    Total Input Jitter      (TIJ):    1.000ns
    Discrete Jitter          (DJ):    0.000ns
    Phase Error              (PE):    0.000ns
  Timing Exception:       MaxDelay Path 20.000ns

    Location             Delay type                Incr(ns)  Path(ns)    Netlist Resource(s)
  -------------------------------------------------------------------    -------------------
                         (clock tck fall edge)        0.000     0.000 f  
    H15                                               0.000     0.000 f  tck (IN)
                         net (fo=0)                   0.000     0.000    tck
    H15                  IBUF (Prop_ibuf_I_O)         1.500     1.500 f  tck_IBUF_inst/O
                         net (fo=1, routed)           3.659     5.159    tck_IBUF
    BUFGCTRL_X0Y0        BUFG (Prop_bufg_I_O)         0.101     5.260 f  tck_IBUF_BUFG_inst/O
                         net (fo=258, routed)         1.863     7.123    i_dmi_jtag/i_dmi_jtag_tap/tck_ni
    SLICE_X111Y85        FDCE                                         r  i_dmi_jtag/i_dmi_jtag_tap/td_o_reg/C  (IS_INVERTED)
  -------------------------------------------------------------------    -------------------
    SLICE_X111Y85        FDCE (Prop_fdce_C_Q)         0.459     7.582 r  i_dmi_jtag/i_dmi_jtag_tap/td_o_reg/Q
                         net (fo=1, routed)           2.253     9.836    tdo_OBUF
    J15                  OBUF (Prop_obuf_I_O)         3.556    13.392 r  tdo_OBUF_inst/O
                         net (fo=0)                   0.000    13.392    tdo
    J15                                                               r  tdo (OUT)
  -------------------------------------------------------------------    -------------------

                         max delay                   20.000    20.000    
                         clock pessimism              0.000    20.000    
                         clock uncertainty           -0.501    19.499    
                         output delay                -5.000    14.499    
  -------------------------------------------------------------------
                         required time                         14.499    
                         arrival time                         -13.392    
  -------------------------------------------------------------------
                         slack                                  1.107    

Slack (MET) :             17.008ns  (required time - arrival time)
  Source:                 i_axi_dwidth_converter_dm_slave/inst/gen_downsizer.gen_simple_downsizer.axi_downsizer_inst/USE_READ.read_addr_inst/cmd_queue/inst/fifo_gen_inst/inst_fifo_gen/gconvfifo.rf/grf.rf/rstblk/ngwrdrst.grst.g7serrst.gnsckt_wrst.gcc_rst.sckt_wr_rst_cc_reg[1]/C
                            (rising edge-triggered cell FDRE clocked by clk_out1_xlnx_clk_gen  {rise@0.000ns fall@10.000ns period=20.000ns})
  Destination:            i_axi_dwidth_converter_dm_slave/inst/gen_downsizer.gen_simple_downsizer.axi_downsizer_inst/USE_READ.read_addr_inst/cmd_queue/inst/fifo_gen_inst/inst_fifo_gen/gconvfifo.rf/grf.rf/gntv_or_sync_fifo.gl0.wr/wpntr/gcc0.gc0.count_d1_reg[0]/CLR
                            (recovery check against rising-edge clock clk_out1_xlnx_clk_gen  {rise@0.000ns fall@10.000ns period=20.000ns})
  Path Group:             **async_default**
  Path Type:              Recovery (Max at Slow Process Corner)
  Requirement:            20.000ns  (clk_out1_xlnx_clk_gen rise@20.000ns - clk_out1_xlnx_clk_gen rise@0.000ns)
  Data Path Delay:        2.481ns  (logic 0.642ns (25.879%)  route 1.839ns (74.121%))
  Logic Levels:           1  (LUT3=1)
  Clock Path Skew:        -0.027ns (DCD - SCD + CPR)
    Destination Clock Delay (DCD):    -1.539ns = ( 18.461 - 20.000 ) 
    Source Clock Delay      (SCD):    -0.907ns
    Clock Pessimism Removal (CPR):    0.605ns
  Clock Uncertainty:      0.079ns  ((TSJ^2 + DJ^2)^1/2) / 2 + PE
    Total System Jitter     (TSJ):    0.071ns
    Discrete Jitter          (DJ):    0.142ns
    Phase Error              (PE):    0.000ns

    Location             Delay type                Incr(ns)  Path(ns)    Netlist Resource(s)
  -------------------------------------------------------------------    -------------------
                         (clock clk_out1_xlnx_clk_gen rise edge)
                                                      0.000     0.000 r  
    K17                                               0.000     0.000 r  clk_sys (IN)
                         net (fo=0)                   0.000     0.000    i_xlnx_clk_gen/inst/clk_in1
    K17                  IBUF (Prop_ibuf_I_O)         1.475     1.475 r  i_xlnx_clk_gen/inst/clkin1_ibufg/O
                         net (fo=1, routed)           1.285     2.760    i_xlnx_clk_gen/inst/clk_in1_xlnx_clk_gen
    MMCME2_ADV_X1Y2      MMCME2_ADV (Prop_mmcme2_adv_CLKIN1_CLKOUT0)
                                                     -7.759    -4.999 r  i_xlnx_clk_gen/inst/mmcm_adv_inst/CLKOUT0
                         net (fo=1, routed)           2.206    -2.793    i_xlnx_clk_gen/inst/clk_out1_xlnx_clk_gen
    BUFGCTRL_X0Y16       BUFG (Prop_bufg_I_O)         0.101    -2.692 r  i_xlnx_clk_gen/inst/clkout1_buf/O
                         net (fo=15149, routed)       1.785    -0.907    i_axi_dwidth_converter_dm_slave/inst/gen_downsizer.gen_simple_downsizer.axi_downsizer_inst/USE_READ.read_addr_inst/cmd_queue/inst/fifo_gen_inst/inst_fifo_gen/gconvfifo.rf/grf.rf/rstblk/clk
    SLICE_X100Y56        FDRE                                         r  i_axi_dwidth_converter_dm_slave/inst/gen_downsizer.gen_simple_downsizer.axi_downsizer_inst/USE_READ.read_addr_inst/cmd_queue/inst/fifo_gen_inst/inst_fifo_gen/gconvfifo.rf/grf.rf/rstblk/ngwrdrst.grst.g7serrst.gnsckt_wrst.gcc_rst.sckt_wr_rst_cc_reg[1]/C
  -------------------------------------------------------------------    -------------------
    SLICE_X100Y56        FDRE (Prop_fdre_C_Q)         0.518    -0.389 f  i_axi_dwidth_converter_dm_slave/inst/gen_downsizer.gen_simple_downsizer.axi_downsizer_inst/USE_READ.read_addr_inst/cmd_queue/inst/fifo_gen_inst/inst_fifo_gen/gconvfifo.rf/grf.rf/rstblk/ngwrdrst.grst.g7serrst.gnsckt_wrst.gcc_rst.sckt_wr_rst_cc_reg[1]/Q
                         net (fo=2, routed)           0.870     0.481    i_axi_dwidth_converter_dm_slave/inst/gen_downsizer.gen_simple_downsizer.axi_downsizer_inst/USE_READ.read_addr_inst/cmd_queue/inst/fifo_gen_inst/inst_fifo_gen/gconvfifo.rf/grf.rf/rstblk/ngwrdrst.grst.g7serrst.gnsckt_wrst.gcc_rst.sckt_wr_rst_cc[1]
    SLICE_X100Y56        LUT3 (Prop_lut3_I0_O)        0.124     0.605 f  i_axi_dwidth_converter_dm_slave/inst/gen_downsizer.gen_simple_downsizer.axi_downsizer_inst/USE_READ.read_addr_inst/cmd_queue/inst/fifo_gen_inst/inst_fifo_gen/gconvfifo.rf/grf.rf/rstblk/gpregsm1.curr_fwft_state[1]_i_2/O
                         net (fo=32, routed)          0.968     1.574    i_axi_dwidth_converter_dm_slave/inst/gen_downsizer.gen_simple_downsizer.axi_downsizer_inst/USE_READ.read_addr_inst/cmd_queue/inst/fifo_gen_inst/inst_fifo_gen/gconvfifo.rf/grf.rf/gntv_or_sync_fifo.gl0.wr/wpntr/AR[0]
    SLICE_X99Y60         FDCE                                         f  i_axi_dwidth_converter_dm_slave/inst/gen_downsizer.gen_simple_downsizer.axi_downsizer_inst/USE_READ.read_addr_inst/cmd_queue/inst/fifo_gen_inst/inst_fifo_gen/gconvfifo.rf/grf.rf/gntv_or_sync_fifo.gl0.wr/wpntr/gcc0.gc0.count_d1_reg[0]/CLR
  -------------------------------------------------------------------    -------------------

                         (clock clk_out1_xlnx_clk_gen rise edge)
                                                     20.000    20.000 r  
    K17                                               0.000    20.000 r  clk_sys (IN)
                         net (fo=0)                   0.000    20.000    i_xlnx_clk_gen/inst/clk_in1
    K17                  IBUF (Prop_ibuf_I_O)         1.404    21.404 r  i_xlnx_clk_gen/inst/clkin1_ibufg/O
                         net (fo=1, routed)           1.162    22.566    i_xlnx_clk_gen/inst/clk_in1_xlnx_clk_gen
    MMCME2_ADV_X1Y2      MMCME2_ADV (Prop_mmcme2_adv_CLKIN1_CLKOUT0)
                                                     -7.814    14.752 r  i_xlnx_clk_gen/inst/mmcm_adv_inst/CLKOUT0
                         net (fo=1, routed)           2.012    16.764    i_xlnx_clk_gen/inst/clk_out1_xlnx_clk_gen
    BUFGCTRL_X0Y16       BUFG (Prop_bufg_I_O)         0.091    16.855 r  i_xlnx_clk_gen/inst/clkout1_buf/O
                         net (fo=15149, routed)       1.606    18.461    i_axi_dwidth_converter_dm_slave/inst/gen_downsizer.gen_simple_downsizer.axi_downsizer_inst/USE_READ.read_addr_inst/cmd_queue/inst/fifo_gen_inst/inst_fifo_gen/gconvfifo.rf/grf.rf/gntv_or_sync_fifo.gl0.wr/wpntr/clk
    SLICE_X99Y60         FDCE                                         r  i_axi_dwidth_converter_dm_slave/inst/gen_downsizer.gen_simple_downsizer.axi_downsizer_inst/USE_READ.read_addr_inst/cmd_queue/inst/fifo_gen_inst/inst_fifo_gen/gconvfifo.rf/grf.rf/gntv_or_sync_fifo.gl0.wr/wpntr/gcc0.gc0.count_d1_reg[0]/C
                         clock pessimism              0.605    19.066    
                         clock uncertainty           -0.079    18.986    
    SLICE_X99Y60         FDCE (Recov_fdce_C_CLR)     -0.405    18.581    i_axi_dwidth_converter_dm_slave/inst/gen_downsizer.gen_simple_downsizer.axi_downsizer_inst/USE_READ.read_addr_inst/cmd_queue/inst/fifo_gen_inst/inst_fifo_gen/gconvfifo.rf/grf.rf/gntv_or_sync_fifo.gl0.wr/wpntr/gcc0.gc0.count_d1_reg[0]
  -------------------------------------------------------------------
                         required time                         18.581    
                         arrival time                          -1.574    
  -------------------------------------------------------------------
                         slack                                 17.008    




