Copyright 1986-2022 Xilinx, Inc. All Rights Reserved. Copyright 2022-2024 Advanced Micro Devices, Inc. All Rights Reserved.
---------------------------------------------------------------------------------------------------------------------------------------------
| Tool Version : Vivado v.2024.1 (lin64) Build 5076996 Wed May 22 18:36:09 MDT 2024
| Date         : Thu May 21 15:11:40 2026
| Host         : EQI07362 running 64-bit Ubuntu 22.04.5 LTS
| Command      : report_timing -nworst 1 -delay_type max -sort_by group -file reports_cva6_fpga_impl/cva6_fpga.timing.rpt
| Design       : cva6_zybo_z7_20
| Device       : 7z020-clg400
| Speed File   : -1  PRODUCTION 1.12 2019-11-22
| Design State : Routed
---------------------------------------------------------------------------------------------------------------------------------------------

Timing Report

Slack (MET) :             1.197ns  (required time - arrival time)
  Source:                 i_ariane/i_cva6/issue_stage_i/i_scoreboard/commit_pointer_q_reg[0][0]/C
                            (rising edge-triggered cell FDCE clocked by clk_out1_xlnx_clk_gen  {rise@0.000ns fall@10.000ns period=20.000ns})
  Destination:            i_ariane/i_cva6/issue_stage_i/i_scoreboard/mem_q_reg[1][sbe][bp][predict_address][12]/CE
                            (rising edge-triggered cell FDCE clocked by clk_out1_xlnx_clk_gen  {rise@0.000ns fall@10.000ns period=20.000ns})
  Path Group:             clk_out1_xlnx_clk_gen
  Path Type:              Setup (Max at Slow Process Corner)
  Requirement:            20.000ns  (clk_out1_xlnx_clk_gen rise@20.000ns - clk_out1_xlnx_clk_gen rise@0.000ns)
  Data Path Delay:        18.167ns  (logic 3.776ns (20.785%)  route 14.391ns (79.215%))
  Logic Levels:           19  (LUT2=3 LUT3=2 LUT4=2 LUT5=3 LUT6=9)
  Clock Path Skew:        -0.121ns (DCD - SCD + CPR)
    Destination Clock Delay (DCD):    -1.679ns = ( 18.321 - 20.000 ) 
    Source Clock Delay      (SCD):    -0.991ns
    Clock Pessimism Removal (CPR):    0.567ns
  Clock Uncertainty:      0.079ns  ((TSJ^2 + DJ^2)^1/2) / 2 + PE
    Total System Jitter     (TSJ):    0.071ns
    Discrete Jitter          (DJ):    0.142ns
    Phase Error              (PE):    0.000ns

    Location             Delay type                Incr(ns)  Path(ns)    Netlist Resource(s)
  -------------------------------------------------------------------    -------------------
                         (clock clk_out1_xlnx_clk_gen rise edge)
                                                      0.000     0.000 r  
    K17                                               0.000     0.000 r  clk_sys (IN)
                         net (fo=0)                   0.000     0.000    i_xlnx_clk_gen/inst/clk_in1
    K17                  IBUF (Prop_ibuf_I_O)         1.475     1.475 r  i_xlnx_clk_gen/inst/clkin1_ibufg/O
                         net (fo=1, routed)           1.285     2.760    i_xlnx_clk_gen/inst/clk_in1_xlnx_clk_gen
    MMCME2_ADV_X1Y2      MMCME2_ADV (Prop_mmcme2_adv_CLKIN1_CLKOUT0)
                                                     -7.759    -4.999 r  i_xlnx_clk_gen/inst/mmcm_adv_inst/CLKOUT0
                         net (fo=1, routed)           2.206    -2.793    i_xlnx_clk_gen/inst/clk_out1_xlnx_clk_gen
    BUFGCTRL_X0Y16       BUFG (Prop_bufg_I_O)         0.101    -2.692 r  i_xlnx_clk_gen/inst/clkout1_buf/O
                         net (fo=15225, routed)       1.701    -0.991    i_ariane/i_cva6/issue_stage_i/i_scoreboard/clk_out1
    SLICE_X83Y74         FDCE                                         r  i_ariane/i_cva6/issue_stage_i/i_scoreboard/commit_pointer_q_reg[0][0]/C
  -------------------------------------------------------------------    -------------------
    SLICE_X83Y74         FDCE (Prop_fdce_C_Q)         0.456    -0.535 f  i_ariane/i_cva6/issue_stage_i/i_scoreboard/commit_pointer_q_reg[0][0]/Q
                         net (fo=11, routed)          0.606     0.071    i_ariane/i_cva6/issue_stage_i/i_scoreboard/commit_pointer_q_reg[0][1]_0[0]
    SLICE_X83Y74         LUT2 (Prop_lut2_I1_O)        0.149     0.220 r  i_ariane/i_cva6/issue_stage_i/i_scoreboard/speculative_read_pointer_q[1]_i_13/O
                         net (fo=182, routed)         0.870     1.090    i_ariane/i_cva6/issue_stage_i/i_scoreboard/speculative_read_pointer_q[1]_i_13_n_1
    SLICE_X81Y80         LUT4 (Prop_lut4_I2_O)        0.332     1.422 f  i_ariane/i_cva6/issue_stage_i/i_scoreboard/i___2_i_16/O
                         net (fo=3, routed)           0.990     2.412    i_ariane/i_cva6/issue_stage_i/i_scoreboard/i___2_i_16_n_1
    SLICE_X82Y76         LUT5 (Prop_lut5_I4_O)        0.148     2.560 f  i_ariane/i_cva6/issue_stage_i/i_scoreboard/scause_q[1]_i_4/O
                         net (fo=3, routed)           0.616     3.176    i_ariane/i_cva6/issue_stage_i/i_scoreboard/commit_instr_id_commit[0][valid]
    SLICE_X84Y75         LUT2 (Prop_lut2_I1_O)        0.328     3.504 r  i_ariane/i_cva6/issue_stage_i/i_scoreboard/scause_q[31]_i_7/O
                         net (fo=5, routed)           0.645     4.149    i_ariane/i_cva6/issue_stage_i/i_scoreboard/scause_q[31]_i_7_n_1
    SLICE_X87Y73         LUT6 (Prop_lut6_I5_O)        0.124     4.273 f  i_ariane/i_cva6/issue_stage_i/i_scoreboard/scause_q[3]_i_2/O
                         net (fo=7, routed)           1.036     5.309    i_ariane/i_cva6/issue_stage_i/i_scoreboard/mem_q_reg[2][sbe][ex][cause][3]_0
    SLICE_X90Y77         LUT4 (Prop_lut4_I3_O)        0.150     5.459 r  i_ariane/i_cva6/issue_stage_i/i_scoreboard/priv_lvl_q[1]_i_4/O
                         net (fo=3, routed)           0.885     6.344    i_ariane/i_cva6/issue_stage_i/i_scoreboard/priv_lvl_q[1]_i_4_n_1
    SLICE_X89Y77         LUT5 (Prop_lut5_I2_O)        0.374     6.718 r  i_ariane/i_cva6/issue_stage_i/i_scoreboard/priv_lvl_q[1]_i_2/O
                         net (fo=5, routed)           0.333     7.051    i_ariane/i_cva6/issue_stage_i/i_scoreboard/priv_lvl_q[1]_i_2_n_1
    SLICE_X88Y78         LUT6 (Prop_lut6_I1_O)        0.326     7.377 f  i_ariane/i_cva6/issue_stage_i/i_scoreboard/FSM_sequential_state_q[3]_i_7/O
                         net (fo=35, routed)          1.330     8.707    i_ariane/i_cva6/issue_stage_i/i_scoreboard/FSM_sequential_state_q[3]_i_7_n_1
    SLICE_X55Y81         LUT6 (Prop_lut6_I2_O)        0.124     8.831 r  i_ariane/i_cva6/issue_stage_i/i_scoreboard/mem_q[0][sbe][result][31]_i_12/O
                         net (fo=36, routed)          0.191     9.022    i_ariane/i_cva6/issue_stage_i/i_issue_read_operands/mult_valid_0
    SLICE_X55Y81         LUT5 (Prop_lut5_I3_O)        0.124     9.146 r  i_ariane/i_cva6/issue_stage_i/i_issue_read_operands/mem_q[0][sbe][result][31]_i_10/O
                         net (fo=10, routed)          0.743     9.889    i_ariane/i_cva6/issue_stage_i/i_scoreboard/flu_trans_id_ex_id[0]
    SLICE_X56Y84         LUT6 (Prop_lut6_I4_O)        0.124    10.013 r  i_ariane/i_cva6/issue_stage_i/i_scoreboard/asid_to_be_flushed[0]_i_30/O
                         net (fo=4, routed)           0.775    10.788    i_ariane/i_cva6/issue_stage_i/i_scoreboard/mem_q_reg[3][sbe][rd][1]_0
    SLICE_X58Y82         LUT6 (Prop_lut6_I3_O)        0.124    10.912 f  i_ariane/i_cva6/issue_stage_i/i_scoreboard/vaddr_to_be_flushed[31]_i_20/O
                         net (fo=1, routed)           0.636    11.548    i_ariane/i_cva6/id_stage_i/vaddr_to_be_flushed[0]_i_2_0
    SLICE_X59Y81         LUT6 (Prop_lut6_I2_O)        0.124    11.672 r  i_ariane/i_cva6/id_stage_i/vaddr_to_be_flushed[31]_i_9/O
                         net (fo=34, routed)          0.419    12.091    i_ariane/i_cva6/issue_stage_i/i_scoreboard/gen_arbiter.req_nodes_1
    SLICE_X57Y81         LUT6 (Prop_lut6_I4_O)        0.124    12.215 f  i_ariane/i_cva6/issue_stage_i/i_scoreboard/issue_q[sbe][pc][31]_i_7/O
                         net (fo=1, routed)           0.776    12.991    i_ariane/i_cva6/issue_stage_i/i_scoreboard/issue_q[sbe][pc][31]_i_7_n_1
    SLICE_X60Y81         LUT6 (Prop_lut6_I1_O)        0.124    13.115 r  i_ariane/i_cva6/issue_stage_i/i_scoreboard/issue_q[sbe][pc][31]_i_5/O
                         net (fo=2, routed)           0.501    13.616    i_ariane/i_cva6/id_stage_i/issue_ack_o19_out
    SLICE_X60Y79         LUT6 (Prop_lut6_I4_O)        0.124    13.740 r  i_ariane/i_cva6/id_stage_i/issue_q[sbe][pc][31]_i_2/O
                         net (fo=3, routed)           0.443    14.182    i_ariane/i_cva6/id_stage_i/issue_instr_issue_id
    SLICE_X60Y79         LUT3 (Prop_lut3_I0_O)        0.124    14.306 r  i_ariane/i_cva6/id_stage_i/issue_cnt_q[2]_i_3/O
                         net (fo=9, routed)           0.565    14.871    i_ariane/i_cva6/issue_stage_i/i_scoreboard/issue_pointer_q_reg[1]_0
    SLICE_X65Y79         LUT3 (Prop_lut3_I1_O)        0.124    14.995 r  i_ariane/i_cva6/issue_stage_i/i_scoreboard/mem_q[1][sbe][pc][31]_i_1/O
                         net (fo=52, routed)          0.898    15.893    i_ariane/i_cva6/issue_stage_i/i_scoreboard/issue_pointer_q_reg[0]_0[0]
    SLICE_X62Y85         LUT2 (Prop_lut2_I0_O)        0.149    16.042 r  i_ariane/i_cva6/issue_stage_i/i_scoreboard/mem_q[1][sbe][result][31]_i_1/O
                         net (fo=64, routed)          1.133    17.175    i_ariane/i_cva6/issue_stage_i/i_scoreboard/mem_q[1][sbe][result][31]_i_1_n_1
    SLICE_X51Y93         FDCE                                         r  i_ariane/i_cva6/issue_stage_i/i_scoreboard/mem_q_reg[1][sbe][bp][predict_address][12]/CE
  -------------------------------------------------------------------    -------------------

                         (clock clk_out1_xlnx_clk_gen rise edge)
                                                     20.000    20.000 r  
    K17                                               0.000    20.000 r  clk_sys (IN)
                         net (fo=0)                   0.000    20.000    i_xlnx_clk_gen/inst/clk_in1
    K17                  IBUF (Prop_ibuf_I_O)         1.404    21.404 r  i_xlnx_clk_gen/inst/clkin1_ibufg/O
                         net (fo=1, routed)           1.162    22.566    i_xlnx_clk_gen/inst/clk_in1_xlnx_clk_gen
    MMCME2_ADV_X1Y2      MMCME2_ADV (Prop_mmcme2_adv_CLKIN1_CLKOUT0)
                                                     -7.814    14.752 r  i_xlnx_clk_gen/inst/mmcm_adv_inst/CLKOUT0
                         net (fo=1, routed)           2.012    16.764    i_xlnx_clk_gen/inst/clk_out1_xlnx_clk_gen
    BUFGCTRL_X0Y16       BUFG (Prop_bufg_I_O)         0.091    16.855 r  i_xlnx_clk_gen/inst/clkout1_buf/O
                         net (fo=15225, routed)       1.466    18.321    i_ariane/i_cva6/issue_stage_i/i_scoreboard/clk_out1
    SLICE_X51Y93         FDCE                                         r  i_ariane/i_cva6/issue_stage_i/i_scoreboard/mem_q_reg[1][sbe][bp][predict_address][12]/C
                         clock pessimism              0.567    18.888    
                         clock uncertainty           -0.079    18.808    
    SLICE_X51Y93         FDCE (Setup_fdce_C_CE)      -0.436    18.372    i_ariane/i_cva6/issue_stage_i/i_scoreboard/mem_q_reg[1][sbe][bp][predict_address][12]
  -------------------------------------------------------------------
                         required time                         18.372    
                         arrival time                         -17.175    
  -------------------------------------------------------------------
                         slack                                  1.197    

Slack (MET) :             1.571ns  (required time - arrival time)
  Source:                 i_dmi_jtag/i_dmi_jtag_tap/td_o_reg/C
                            (falling edge-triggered cell FDCE clocked by tck  {rise@0.000ns fall@50.000ns period=100.000ns})
  Destination:            tdo
                            (output port clocked by tck  {rise@0.000ns fall@50.000ns period=100.000ns})
  Path Group:             tck
  Path Type:              Max at Slow Process Corner
  Requirement:            20.000ns  (MaxDelay Path 20.000ns)
  Data Path Delay:        5.606ns  (logic 4.080ns (72.787%)  route 1.526ns (27.213%))
  Logic Levels:           1  (OBUF=1)
  Output Delay:           5.000ns
  Clock Path Skew:        -7.321ns (DCD - SCD + CPR)
    Destination Clock Delay (DCD):    0.000ns
    Source Clock Delay      (SCD):    7.321ns
    Clock Pessimism Removal (CPR):    0.000ns
  Clock Uncertainty:      0.501ns  ((TSJ^2 + TIJ^2)^1/2 + DJ) / 2 + PE
    Total System Jitter     (TSJ):    0.071ns
    Total Input Jitter      (TIJ):    1.000ns
    Discrete Jitter          (DJ):    0.000ns
    Phase Error              (PE):    0.000ns
  Timing Exception:       MaxDelay Path 20.000ns

    Location             Delay type                Incr(ns)  Path(ns)    Netlist Resource(s)
  -------------------------------------------------------------------    -------------------
                         (clock tck fall edge)        0.000     0.000 f  
    H15                                               0.000     0.000 f  tck (IN)
                         net (fo=0)                   0.000     0.000    tck
    H15                  IBUF (Prop_ibuf_I_O)         1.500     1.500 f  tck_IBUF_inst/O
                         net (fo=1, routed)           3.659     5.159    tck_IBUF
    BUFGCTRL_X0Y0        BUFG (Prop_bufg_I_O)         0.101     5.260 f  tck_IBUF_BUFG_inst/O
                         net (fo=258, routed)         2.061     7.321    i_dmi_jtag/i_dmi_jtag_tap/tck_ni
    SLICE_X112Y100       FDCE                                         r  i_dmi_jtag/i_dmi_jtag_tap/td_o_reg/C  (IS_INVERTED)
  -------------------------------------------------------------------    -------------------
    SLICE_X112Y100       FDCE (Prop_fdce_C_Q)         0.524     7.845 r  i_dmi_jtag/i_dmi_jtag_tap/td_o_reg/Q
                         net (fo=1, routed)           1.526     9.371    tdo_OBUF
    J15                  OBUF (Prop_obuf_I_O)         3.556    12.927 r  tdo_OBUF_inst/O
                         net (fo=0)                   0.000    12.927    tdo
    J15                                                               r  tdo (OUT)
  -------------------------------------------------------------------    -------------------

                         max delay                   20.000    20.000    
                         clock pessimism              0.000    20.000    
                         clock uncertainty           -0.501    19.499    
                         output delay                -5.000    14.499    
  -------------------------------------------------------------------
                         required time                         14.499    
                         arrival time                         -12.927    
  -------------------------------------------------------------------
                         slack                                  1.571    

Slack (MET) :             15.921ns  (required time - arrival time)
  Source:                 i_dm_top/i_dm_csrs/dmcontrol_q_reg[ndmreset]/C
                            (rising edge-triggered cell FDCE clocked by clk_out1_xlnx_clk_gen  {rise@0.000ns fall@10.000ns period=20.000ns})
  Destination:            i_rstgen_main/i_rstgen_bypass/synch_regs_q_reg[3]/CLR
                            (recovery check against rising-edge clock clk_out1_xlnx_clk_gen  {rise@0.000ns fall@10.000ns period=20.000ns})
  Path Group:             **async_default**
  Path Type:              Recovery (Max at Slow Process Corner)
  Requirement:            20.000ns  (clk_out1_xlnx_clk_gen rise@20.000ns - clk_out1_xlnx_clk_gen rise@0.000ns)
  Data Path Delay:        3.539ns  (logic 0.642ns (18.139%)  route 2.897ns (81.861%))
  Logic Levels:           1  (LUT2=1)
  Clock Path Skew:        -0.141ns (DCD - SCD + CPR)
    Destination Clock Delay (DCD):    -1.604ns = ( 18.396 - 20.000 ) 
    Source Clock Delay      (SCD):    -0.895ns
    Clock Pessimism Removal (CPR):    0.567ns
  Clock Uncertainty:      0.079ns  ((TSJ^2 + DJ^2)^1/2) / 2 + PE
    Total System Jitter     (TSJ):    0.071ns
    Discrete Jitter          (DJ):    0.142ns
    Phase Error              (PE):    0.000ns

    Location             Delay type                Incr(ns)  Path(ns)    Netlist Resource(s)
  -------------------------------------------------------------------    -------------------
                         (clock clk_out1_xlnx_clk_gen rise edge)
                                                      0.000     0.000 r  
    K17                                               0.000     0.000 r  clk_sys (IN)
                         net (fo=0)                   0.000     0.000    i_xlnx_clk_gen/inst/clk_in1
    K17                  IBUF (Prop_ibuf_I_O)         1.475     1.475 r  i_xlnx_clk_gen/inst/clkin1_ibufg/O
                         net (fo=1, routed)           1.285     2.760    i_xlnx_clk_gen/inst/clk_in1_xlnx_clk_gen
    MMCME2_ADV_X1Y2      MMCME2_ADV (Prop_mmcme2_adv_CLKIN1_CLKOUT0)
                                                     -7.759    -4.999 r  i_xlnx_clk_gen/inst/mmcm_adv_inst/CLKOUT0
                         net (fo=1, routed)           2.206    -2.793    i_xlnx_clk_gen/inst/clk_out1_xlnx_clk_gen
    BUFGCTRL_X0Y16       BUFG (Prop_bufg_I_O)         0.101    -2.692 r  i_xlnx_clk_gen/inst/clkout1_buf/O
                         net (fo=15225, routed)       1.797    -0.895    i_dm_top/i_dm_csrs/clk_out1
    SLICE_X92Y38         FDCE                                         r  i_dm_top/i_dm_csrs/dmcontrol_q_reg[ndmreset]/C
  -------------------------------------------------------------------    -------------------
    SLICE_X92Y38         FDCE (Prop_fdce_C_Q)         0.518    -0.377 f  i_dm_top/i_dm_csrs/dmcontrol_q_reg[ndmreset]/Q
                         net (fo=3, routed)           1.030     0.653    i_dm_top/i_dm_csrs/ndmreset
    SLICE_X90Y38         LUT2 (Prop_lut2_I0_O)        0.124     0.777 f  i_dm_top/i_dm_csrs/synch_regs_q[3]_i_1/O
                         net (fo=4, routed)           1.867     2.644    i_rstgen_main/i_rstgen_bypass/synch_regs_q_reg[3]_1
    SLICE_X62Y23         FDCE                                         f  i_rstgen_main/i_rstgen_bypass/synch_regs_q_reg[3]/CLR
  -------------------------------------------------------------------    -------------------

                         (clock clk_out1_xlnx_clk_gen rise edge)
                                                     20.000    20.000 r  
    K17                                               0.000    20.000 r  clk_sys (IN)
                         net (fo=0)                   0.000    20.000    i_xlnx_clk_gen/inst/clk_in1
    K17                  IBUF (Prop_ibuf_I_O)         1.404    21.404 r  i_xlnx_clk_gen/inst/clkin1_ibufg/O
                         net (fo=1, routed)           1.162    22.566    i_xlnx_clk_gen/inst/clk_in1_xlnx_clk_gen
    MMCME2_ADV_X1Y2      MMCME2_ADV (Prop_mmcme2_adv_CLKIN1_CLKOUT0)
                                                     -7.814    14.752 r  i_xlnx_clk_gen/inst/mmcm_adv_inst/CLKOUT0
                         net (fo=1, routed)           2.012    16.764    i_xlnx_clk_gen/inst/clk_out1_xlnx_clk_gen
    BUFGCTRL_X0Y16       BUFG (Prop_bufg_I_O)         0.091    16.855 r  i_xlnx_clk_gen/inst/clkout1_buf/O
                         net (fo=15225, routed)       1.541    18.396    i_rstgen_main/i_rstgen_bypass/clk_out1
    SLICE_X62Y23         FDCE                                         r  i_rstgen_main/i_rstgen_bypass/synch_regs_q_reg[3]/C
                         clock pessimism              0.567    18.964    
                         clock uncertainty           -0.079    18.884    
    SLICE_X62Y23         FDCE (Recov_fdce_C_CLR)     -0.319    18.565    i_rstgen_main/i_rstgen_bypass/synch_regs_q_reg[3]
  -------------------------------------------------------------------
                         required time                         18.565    
                         arrival time                          -2.644    
  -------------------------------------------------------------------
                         slack                                 15.921    




