Copyright 1986-2022 Xilinx, Inc. All Rights Reserved. Copyright 2022-2024 Advanced Micro Devices, Inc. All Rights Reserved.
---------------------------------------------------------------------------------------------------------------------------------------------
| Tool Version : Vivado v.2024.1 (lin64) Build 5076996 Wed May 22 18:36:09 MDT 2024
| Date         : Tue Jun  9 17:25:45 2026
| Host         : EQI07362 running 64-bit Ubuntu 22.04.5 LTS
| Command      : report_timing -nworst 1 -delay_type max -sort_by group -file reports_cva6_fpga_synth/cva6_fpga.timing.rpt
| Design       : cva6_zybo_z7_20
| Device       : 7z020-clg400
| Speed File   : -1  PRODUCTION 1.12 2019-11-22
| Design State : Synthesized
---------------------------------------------------------------------------------------------------------------------------------------------

Timing Report

Slack (MET) :             2.115ns  (required time - arrival time)
  Source:                 i_ariane/i_cva6/issue_stage_i/i_issue_read_operands/operand_d_q_reg[26]/C
                            (rising edge-triggered cell FDCE clocked by clk_out1_xlnx_clk_gen  {rise@0.000ns fall@10.000ns period=20.000ns})
  Destination:            i_ariane/i_cva6/ex_stage_i/i_mult/i_multiplier/mac8im_res_q_reg[29]/D
                            (rising edge-triggered cell FDCE clocked by clk_out1_xlnx_clk_gen  {rise@0.000ns fall@10.000ns period=20.000ns})
  Path Group:             clk_out1_xlnx_clk_gen
  Path Type:              Setup (Max at Slow Process Corner)
  Requirement:            20.000ns  (clk_out1_xlnx_clk_gen rise@20.000ns - clk_out1_xlnx_clk_gen rise@0.000ns)
  Data Path Delay:        17.737ns  (logic 9.547ns (53.825%)  route 8.190ns (46.175%))
  Logic Levels:           27  (CARRY4=15 LUT2=7 LUT3=3 LUT6=2)
  Clock Path Skew:        -0.145ns (DCD - SCD + CPR)
    Destination Clock Delay (DCD):    -2.245ns = ( 17.755 - 20.000 ) 
    Source Clock Delay      (SCD):    -1.569ns
    Clock Pessimism Removal (CPR):    0.531ns
  Clock Uncertainty:      0.079ns  ((TSJ^2 + DJ^2)^1/2) / 2 + PE
    Total System Jitter     (TSJ):    0.071ns
    Discrete Jitter          (DJ):    0.142ns
    Phase Error              (PE):    0.000ns

    Location             Delay type                Incr(ns)  Path(ns)    Netlist Resource(s)
  -------------------------------------------------------------------    -------------------
                         (clock clk_out1_xlnx_clk_gen rise edge)
                                                      0.000     0.000 r  
    K17                                               0.000     0.000 r  clk_sys (IN)
                         net (fo=0)                   0.000     0.000    i_xlnx_clk_gen/inst/clk_in1
    K17                  IBUF (Prop_ibuf_I_O)         1.475     1.475 r  i_xlnx_clk_gen/inst/clkin1_ibufg/O
                         net (fo=1, unplaced)         0.584     2.059    i_xlnx_clk_gen/inst/clk_in1_xlnx_clk_gen
                         MMCME2_ADV (Prop_mmcme2_adv_CLKIN1_CLKOUT0)
                                                     -5.113    -3.054 r  i_xlnx_clk_gen/inst/mmcm_adv_inst/CLKOUT0
                         net (fo=1, unplaced)         0.800    -2.254    i_xlnx_clk_gen/inst/clk_out1_xlnx_clk_gen
                         BUFG (Prop_bufg_I_O)         0.101    -2.153 r  i_xlnx_clk_gen/inst/clkout1_buf/O
                         net (fo=17195, unplaced)     0.584    -1.569    i_ariane/i_cva6/issue_stage_i/i_issue_read_operands/clk_out1
                         FDCE                                         r  i_ariane/i_cva6/issue_stage_i/i_issue_read_operands/operand_d_q_reg[26]/C
  -------------------------------------------------------------------    -------------------
                         FDCE (Prop_fdce_C_Q)         0.478    -1.091 r  i_ariane/i_cva6/issue_stage_i/i_issue_read_operands/operand_d_q_reg[26]/Q
                         net (fo=15, unplaced)        0.794    -0.297    i_ariane/i_cva6/issue_stage_i/i_issue_read_operands/fu_data_id_ex[operand_d][26]
                         LUT3 (Prop_lut3_I0_O)        0.319     0.022 r  i_ariane/i_cva6/issue_stage_i/i_issue_read_operands/mac8im_res_d1__32_carry_i_8/O
                         net (fo=1, unplaced)         0.449     0.471    i_ariane/i_cva6/issue_stage_i/i_issue_read_operands/mac8im_res_d1__32_carry_i_8_n_0
                         LUT6 (Prop_lut6_I2_O)        0.124     0.595 r  i_ariane/i_cva6/issue_stage_i/i_issue_read_operands/mac8im_res_d1__32_carry_i_1/O
                         net (fo=2, unplaced)         0.460     1.055    i_ariane/i_cva6/issue_stage_i/i_issue_read_operands/operand_e_q_reg[27]_0[2]
                         LUT6 (Prop_lut6_I0_O)        0.124     1.179 r  i_ariane/i_cva6/issue_stage_i/i_issue_read_operands/mac8im_res_d1__32_carry_i_4/O
                         net (fo=1, unplaced)         0.000     1.179    i_ariane/i_cva6/ex_stage_i/i_mult/i_multiplier/mac8im_res_d_carry_i_2_1[3]
                         CARRY4 (Prop_carry4_S[3]_CO[3])
                                                      0.376     1.555 r  i_ariane/i_cva6/ex_stage_i/i_mult/i_multiplier/mac8im_res_d1__32_carry/CO[3]
                         net (fo=1, unplaced)         0.009     1.564    i_ariane/i_cva6/ex_stage_i/i_mult/i_multiplier/mac8im_res_d1__32_carry_n_0
                         CARRY4 (Prop_carry4_CI_O[1])
                                                      0.337     1.901 r  i_ariane/i_cva6/ex_stage_i/i_mult/i_multiplier/mac8im_res_d1__32_carry__0/O[1]
                         net (fo=2, unplaced)         0.622     2.523    i_ariane/i_cva6/ex_stage_i/i_mult/i_multiplier/mac8im_res_d1__32_carry__0_n_6
                         LUT3 (Prop_lut3_I2_O)        0.306     2.829 r  i_ariane/i_cva6/ex_stage_i/i_mult/i_multiplier/mac8im_res_d1__90_carry__0_i_3/O
                         net (fo=2, unplaced)         0.650     3.479    i_ariane/i_cva6/ex_stage_i/i_mult/i_multiplier/mac8im_res_d1__90_carry__0_i_3_n_0
                         CARRY4 (Prop_carry4_DI[1]_CO[3])
                                                      0.520     3.999 r  i_ariane/i_cva6/ex_stage_i/i_mult/i_multiplier/mac8im_res_d1__90_carry__0/CO[3]
                         net (fo=1, unplaced)         0.000     3.999    i_ariane/i_cva6/ex_stage_i/i_mult/i_multiplier/mac8im_res_d1__90_carry__0_n_0
                         CARRY4 (Prop_carry4_CI_O[1])
                                                      0.337     4.336 r  i_ariane/i_cva6/ex_stage_i/i_mult/i_multiplier/mac8im_res_d1__90_carry__1/O[1]
                         net (fo=2, unplaced)         0.622     4.958    i_ariane/i_cva6/ex_stage_i/i_mult/i_multiplier/mac8im_res_d1[13]
                         LUT2 (Prop_lut2_I0_O)        0.306     5.264 r  i_ariane/i_cva6/ex_stage_i/i_mult/i_multiplier/mac8im_res_d_carry__2_i_3/O
                         net (fo=1, unplaced)         0.000     5.264    i_ariane/i_cva6/ex_stage_i/i_mult/i_multiplier/mac8im_res_d_carry__2_i_3_n_0
                         CARRY4 (Prop_carry4_S[1]_O[3])
                                                      0.643     5.907 r  i_ariane/i_cva6/ex_stage_i/i_mult/i_multiplier/mac8im_res_d_carry__2/O[3]
                         net (fo=1, unplaced)         0.618     6.525    i_ariane/i_cva6/ex_stage_i/i_mult/i_multiplier/mac8im_res_d_carry__2_n_4
                         LUT2 (Prop_lut2_I1_O)        0.307     6.832 r  i_ariane/i_cva6/ex_stage_i/i_mult/i_multiplier/mac8im_res_d__50_carry__2_i_1/O
                         net (fo=1, unplaced)         0.000     6.832    i_ariane/i_cva6/ex_stage_i/i_mult/i_multiplier/mac8im_res_d__50_carry__2_i_1_n_0
                         CARRY4 (Prop_carry4_S[3]_CO[3])
                                                      0.376     7.208 r  i_ariane/i_cva6/ex_stage_i/i_mult/i_multiplier/mac8im_res_d__50_carry__2/CO[3]
                         net (fo=1, unplaced)         0.000     7.208    i_ariane/i_cva6/ex_stage_i/i_mult/i_multiplier/mac8im_res_d__50_carry__2_n_0
                         CARRY4 (Prop_carry4_CI_O[1])
                                                      0.337     7.545 r  i_ariane/i_cva6/ex_stage_i/i_mult/i_multiplier/mac8im_res_d__50_carry__3/O[1]
                         net (fo=3, unplaced)         0.629     8.174    i_ariane/i_cva6/ex_stage_i/i_mult/i_multiplier/mac8im_res_d__50_carry__3_n_6
                         LUT2 (Prop_lut2_I0_O)        0.306     8.480 r  i_ariane/i_cva6/ex_stage_i/i_mult/i_multiplier/mac8im_res_d__104_carry__3_i_2/O
                         net (fo=1, unplaced)         0.000     8.480    i_ariane/i_cva6/ex_stage_i/i_mult/i_multiplier/mac8im_res_d__104_carry__3_i_2_n_0
                         CARRY4 (Prop_carry4_S[2]_CO[3])
                                                      0.380     8.860 r  i_ariane/i_cva6/ex_stage_i/i_mult/i_multiplier/mac8im_res_d__104_carry__3/CO[3]
                         net (fo=1, unplaced)         0.918     9.778    i_ariane/i_cva6/ex_stage_i/i_mult/i_multiplier/mac8im_res_d__104_carry__3_n_0
                         LUT2 (Prop_lut2_I1_O)        0.124     9.902 r  i_ariane/i_cva6/ex_stage_i/i_mult/i_multiplier/mac8im_res_d__161_carry__3_i_2/O
                         net (fo=1, unplaced)         0.000     9.902    i_ariane/i_cva6/ex_stage_i/i_mult/i_multiplier/mac8im_res_d__161_carry__3_i_2_n_0
                         CARRY4 (Prop_carry4_S[3]_O[3])
                                                      0.255    10.157 r  i_ariane/i_cva6/ex_stage_i/i_mult/i_multiplier/mac8im_res_d__161_carry__3/O[3]
                         net (fo=3, unplaced)         0.636    10.793    i_ariane/i_cva6/ex_stage_i/i_mult/i_multiplier/mac8im_res_d__161_carry__3_n_4
                         LUT2 (Prop_lut2_I1_O)        0.307    11.100 r  i_ariane/i_cva6/ex_stage_i/i_mult/i_multiplier/mac8im_res_d__221_carry__3_i_2/O
                         net (fo=1, unplaced)         0.000    11.100    i_ariane/i_cva6/ex_stage_i/i_mult/i_multiplier/mac8im_res_d__221_carry__3_i_2_n_0
                         CARRY4 (Prop_carry4_S[3]_O[3])
                                                      0.255    11.355 r  i_ariane/i_cva6/ex_stage_i/i_mult/i_multiplier/mac8im_res_d__221_carry__3/O[3]
                         net (fo=3, unplaced)         0.636    11.991    i_ariane/i_cva6/ex_stage_i/i_mult/i_multiplier/mac8im_res_d__221_carry__3_n_4
                         LUT2 (Prop_lut2_I1_O)        0.307    12.298 r  i_ariane/i_cva6/ex_stage_i/i_mult/i_multiplier/mac8im_res_d__284_carry__3_i_2/O
                         net (fo=1, unplaced)         0.000    12.298    i_ariane/i_cva6/ex_stage_i/i_mult/i_multiplier/mac8im_res_d__284_carry__3_i_2_n_0
                         CARRY4 (Prop_carry4_S[3]_CO[3])
                                                      0.376    12.674 r  i_ariane/i_cva6/ex_stage_i/i_mult/i_multiplier/mac8im_res_d__284_carry__3/CO[3]
                         net (fo=1, unplaced)         0.000    12.674    i_ariane/i_cva6/ex_stage_i/i_mult/i_multiplier/mac8im_res_d__284_carry__3_n_0
                         CARRY4 (Prop_carry4_CI_O[0])
                                                      0.232    12.906 r  i_ariane/i_cva6/ex_stage_i/i_mult/i_multiplier/mac8im_res_d__284_carry__4/O[0]
                         net (fo=3, unplaced)         0.488    13.394    i_ariane/i_cva6/ex_stage_i/i_mult/i_multiplier/C[20]
                         LUT2 (Prop_lut2_I0_O)        0.295    13.689 r  i_ariane/i_cva6/ex_stage_i/i_mult/i_multiplier/mac8im_res_d__350_carry__4_i_2/O
                         net (fo=1, unplaced)         0.000    13.689    i_ariane/i_cva6/ex_stage_i/i_mult/i_multiplier/mac8im_res_d__350_carry__4_i_2_n_0
                         CARRY4 (Prop_carry4_S[1]_O[3])
                                                      0.643    14.332 r  i_ariane/i_cva6/ex_stage_i/i_mult/i_multiplier/mac8im_res_d__350_carry__4/O[3]
                         net (fo=9, unplaced)         0.659    14.991    i_ariane/i_cva6/issue_stage_i/i_issue_read_operands/PCIN[23]
                         LUT3 (Prop_lut3_I2_O)        0.307    15.298 r  i_ariane/i_cva6/issue_stage_i/i_issue_read_operands/i__carry__5_i_7__0/O
                         net (fo=1, unplaced)         0.000    15.298    i_ariane/i_cva6/ex_stage_i/i_mult/i_multiplier/mac8im_res_q_reg[27]_2[1]
                         CARRY4 (Prop_carry4_S[1]_CO[3])
                                                      0.533    15.831 r  i_ariane/i_cva6/ex_stage_i/i_mult/i_multiplier/mac8im_res_d_inferred__0/i__carry__5/CO[3]
                         net (fo=1, unplaced)         0.000    15.831    i_ariane/i_cva6/ex_stage_i/i_mult/i_multiplier/mac8im_res_d_inferred__0/i__carry__5_n_0
                         CARRY4 (Prop_carry4_CI_O[1])
                                                      0.337    16.168 r  i_ariane/i_cva6/ex_stage_i/i_mult/i_multiplier/mac8im_res_d_inferred__0/i__carry__6/O[1]
                         net (fo=1, unplaced)         0.000    16.168    i_ariane/i_cva6/ex_stage_i/i_mult/i_multiplier/mac8im_res_d[29]
                         FDCE                                         r  i_ariane/i_cva6/ex_stage_i/i_mult/i_multiplier/mac8im_res_q_reg[29]/D
  -------------------------------------------------------------------    -------------------

                         (clock clk_out1_xlnx_clk_gen rise edge)
                                                     20.000    20.000 r  
    K17                                               0.000    20.000 r  clk_sys (IN)
                         net (fo=0)                   0.000    20.000    i_xlnx_clk_gen/inst/clk_in1
    K17                  IBUF (Prop_ibuf_I_O)         1.404    21.404 r  i_xlnx_clk_gen/inst/clkin1_ibufg/O
                         net (fo=1, unplaced)         0.439    21.843    i_xlnx_clk_gen/inst/clk_in1_xlnx_clk_gen
                         MMCME2_ADV (Prop_mmcme2_adv_CLKIN1_CLKOUT0)
                                                     -5.378    16.466 r  i_xlnx_clk_gen/inst/mmcm_adv_inst/CLKOUT0
                         net (fo=1, unplaced)         0.760    17.225    i_xlnx_clk_gen/inst/clk_out1_xlnx_clk_gen
                         BUFG (Prop_bufg_I_O)         0.091    17.316 r  i_xlnx_clk_gen/inst/clkout1_buf/O
                         net (fo=17195, unplaced)     0.439    17.755    i_ariane/i_cva6/ex_stage_i/i_mult/i_multiplier/clk_out1
                         FDCE                                         r  i_ariane/i_cva6/ex_stage_i/i_mult/i_multiplier/mac8im_res_q_reg[29]/C
                         clock pessimism              0.531    18.286    
                         clock uncertainty           -0.079    18.206    
                         FDCE (Setup_fdce_C_D)        0.076    18.282    i_ariane/i_cva6/ex_stage_i/i_mult/i_multiplier/mac8im_res_q_reg[29]
  -------------------------------------------------------------------
                         required time                         18.282    
                         arrival time                         -16.168    
  -------------------------------------------------------------------
                         slack                                  2.115    

Slack (MET) :             5.757ns  (required time - arrival time)
  Source:                 i_dmi_jtag/i_dmi_jtag_tap/td_o_reg/C
                            (rising edge-triggered cell FDCE clocked by tck'  {rise@0.000ns fall@50.000ns period=100.000ns})
  Destination:            tdo
                            (output port clocked by tck  {rise@0.000ns fall@50.000ns period=100.000ns})
  Path Group:             tck
  Path Type:              Max at Slow Process Corner
  Requirement:            20.000ns  (MaxDelay Path 20.000ns)
  Data Path Delay:        5.049ns  (logic 4.249ns (84.161%)  route 0.800ns (15.839%))
  Logic Levels:           1  (OBUF=1)
  Output Delay:           5.000ns
  Clock Path Skew:        -3.693ns (DCD - SCD + CPR)
    Destination Clock Delay (DCD):    0.000ns
    Source Clock Delay      (SCD):    3.693ns
    Clock Pessimism Removal (CPR):    0.000ns
  Clock Uncertainty:      0.501ns  ((TSJ^2 + TIJ^2)^1/2 + DJ) / 2 + PE
    Total System Jitter     (TSJ):    0.071ns
    Total Input Jitter      (TIJ):    1.000ns
    Discrete Jitter          (DJ):    0.000ns
    Phase Error              (PE):    0.000ns
  Timing Exception:       MaxDelay Path 20.000ns

    Location             Delay type                Incr(ns)  Path(ns)    Netlist Resource(s)
  -------------------------------------------------------------------    -------------------
                         (clock tck fall edge)        0.000     0.000 f  
    H15                                               0.000     0.000 f  tck (IN)
                         net (fo=0)                   0.000     0.000    tck
    H15                  IBUF (Prop_ibuf_I_O)         1.500     1.500 f  tck_IBUF_inst/O
                         net (fo=1, unplaced)         0.800     2.300    tck_IBUF
                         BUFG (Prop_bufg_I_O)         0.101     2.401 f  tck_IBUF_BUFG_inst/O
                         net (fo=258, unplaced)       0.584     2.985    tck_IBUF_BUFG
                         LUT1 (Prop_lut1_I0_O)        0.124     3.109 r  td_o_reg_i_2/O
                         net (fo=1, unplaced)         0.584     3.693    i_dmi_jtag/i_dmi_jtag_tap/tck_ni
                         FDCE                                         r  i_dmi_jtag/i_dmi_jtag_tap/td_o_reg/C
  -------------------------------------------------------------------    -------------------
                         FDCE (Prop_fdce_C_Q)         0.518     4.211 r  i_dmi_jtag/i_dmi_jtag_tap/td_o_reg/Q
                         net (fo=1, unplaced)         0.800     5.011    tdo_OBUF
    J15                  OBUF (Prop_obuf_I_O)         3.731     8.742 r  tdo_OBUF_inst/O
                         net (fo=0)                   0.000     8.742    tdo
    J15                                                               r  tdo (OUT)
  -------------------------------------------------------------------    -------------------

                         max delay                   20.000    20.000    
                         clock pessimism              0.000    20.000    
                         clock uncertainty           -0.501    19.499    
                         output delay                -5.000    14.499    
  -------------------------------------------------------------------
                         required time                         14.499    
                         arrival time                          -8.742    
  -------------------------------------------------------------------
                         slack                                  5.757    

Slack (MET) :             17.010ns  (required time - arrival time)
  Source:                 i_axi_dwidth_converter_dm_slave/inst/gen_downsizer.gen_simple_downsizer.axi_downsizer_inst/USE_READ.read_addr_inst/cmd_queue/inst/fifo_gen_inst/inst_fifo_gen/gconvfifo.rf/grf.rf/rstblk/ngwrdrst.grst.g7serrst.gnsckt_wrst.gcc_rst.sckt_wr_rst_cc_reg[1]/C
                            (rising edge-triggered cell FDRE clocked by clk_out1_xlnx_clk_gen  {rise@0.000ns fall@10.000ns period=20.000ns})
  Destination:            i_axi_dwidth_converter_dm_slave/inst/gen_downsizer.gen_simple_downsizer.axi_downsizer_inst/USE_READ.read_addr_inst/cmd_queue/inst/fifo_gen_inst/inst_fifo_gen/gconvfifo.rf/grf.rf/gntv_or_sync_fifo.gl0.rd/gr1.gr1_int.rfwft/aempty_fwft_fb_i_reg/PRE
                            (recovery check against rising-edge clock clk_out1_xlnx_clk_gen  {rise@0.000ns fall@10.000ns period=20.000ns})
  Path Group:             **async_default**
  Path Type:              Recovery (Max at Slow Process Corner)
  Requirement:            20.000ns  (clk_out1_xlnx_clk_gen rise@20.000ns - clk_out1_xlnx_clk_gen rise@0.000ns)
  Data Path Delay:        2.372ns  (logic 0.773ns (32.589%)  route 1.599ns (67.411%))
  Logic Levels:           1  (LUT3=1)
  Clock Path Skew:        -0.145ns (DCD - SCD + CPR)
    Destination Clock Delay (DCD):    -2.245ns = ( 17.755 - 20.000 ) 
    Source Clock Delay      (SCD):    -1.569ns
    Clock Pessimism Removal (CPR):    0.531ns
  Clock Uncertainty:      0.079ns  ((TSJ^2 + DJ^2)^1/2) / 2 + PE
    Total System Jitter     (TSJ):    0.071ns
    Discrete Jitter          (DJ):    0.142ns
    Phase Error              (PE):    0.000ns

    Location             Delay type                Incr(ns)  Path(ns)    Netlist Resource(s)
  -------------------------------------------------------------------    -------------------
                         (clock clk_out1_xlnx_clk_gen rise edge)
                                                      0.000     0.000 r  
    K17                                               0.000     0.000 r  clk_sys (IN)
                         net (fo=0)                   0.000     0.000    i_xlnx_clk_gen/inst/clk_in1
    K17                  IBUF (Prop_ibuf_I_O)         1.475     1.475 r  i_xlnx_clk_gen/inst/clkin1_ibufg/O
                         net (fo=1, unplaced)         0.584     2.059    i_xlnx_clk_gen/inst/clk_in1_xlnx_clk_gen
                         MMCME2_ADV (Prop_mmcme2_adv_CLKIN1_CLKOUT0)
                                                     -5.113    -3.054 r  i_xlnx_clk_gen/inst/mmcm_adv_inst/CLKOUT0
                         net (fo=1, unplaced)         0.800    -2.254    i_xlnx_clk_gen/inst/clk_out1_xlnx_clk_gen
                         BUFG (Prop_bufg_I_O)         0.101    -2.153 r  i_xlnx_clk_gen/inst/clkout1_buf/O
                         net (fo=17195, unplaced)     0.584    -1.569    i_axi_dwidth_converter_dm_slave/inst/gen_downsizer.gen_simple_downsizer.axi_downsizer_inst/USE_READ.read_addr_inst/cmd_queue/inst/fifo_gen_inst/inst_fifo_gen/gconvfifo.rf/grf.rf/rstblk/clk
                         FDRE                                         r  i_axi_dwidth_converter_dm_slave/inst/gen_downsizer.gen_simple_downsizer.axi_downsizer_inst/USE_READ.read_addr_inst/cmd_queue/inst/fifo_gen_inst/inst_fifo_gen/gconvfifo.rf/grf.rf/rstblk/ngwrdrst.grst.g7serrst.gnsckt_wrst.gcc_rst.sckt_wr_rst_cc_reg[1]/C
  -------------------------------------------------------------------    -------------------
                         FDRE (Prop_fdre_C_Q)         0.478    -1.091 f  i_axi_dwidth_converter_dm_slave/inst/gen_downsizer.gen_simple_downsizer.axi_downsizer_inst/USE_READ.read_addr_inst/cmd_queue/inst/fifo_gen_inst/inst_fifo_gen/gconvfifo.rf/grf.rf/rstblk/ngwrdrst.grst.g7serrst.gnsckt_wrst.gcc_rst.sckt_wr_rst_cc_reg[1]/Q
                         net (fo=2, unplaced)         0.752    -0.339    i_axi_dwidth_converter_dm_slave/inst/gen_downsizer.gen_simple_downsizer.axi_downsizer_inst/USE_READ.read_addr_inst/cmd_queue/inst/fifo_gen_inst/inst_fifo_gen/gconvfifo.rf/grf.rf/rstblk/ngwrdrst.grst.g7serrst.gnsckt_wrst.gcc_rst.sckt_wr_rst_cc[1]
                         LUT3 (Prop_lut3_I0_O)        0.295    -0.044 f  i_axi_dwidth_converter_dm_slave/inst/gen_downsizer.gen_simple_downsizer.axi_downsizer_inst/USE_READ.read_addr_inst/cmd_queue/inst/fifo_gen_inst/inst_fifo_gen/gconvfifo.rf/grf.rf/rstblk/gpregsm1.curr_fwft_state[1]_i_2/O
                         net (fo=32, unplaced)        0.847     0.803    i_axi_dwidth_converter_dm_slave/inst/gen_downsizer.gen_simple_downsizer.axi_downsizer_inst/USE_READ.read_addr_inst/cmd_queue/inst/fifo_gen_inst/inst_fifo_gen/gconvfifo.rf/grf.rf/gntv_or_sync_fifo.gl0.rd/gr1.gr1_int.rfwft/gpregsm1.user_valid_reg_0
                         FDPE                                         f  i_axi_dwidth_converter_dm_slave/inst/gen_downsizer.gen_simple_downsizer.axi_downsizer_inst/USE_READ.read_addr_inst/cmd_queue/inst/fifo_gen_inst/inst_fifo_gen/gconvfifo.rf/grf.rf/gntv_or_sync_fifo.gl0.rd/gr1.gr1_int.rfwft/aempty_fwft_fb_i_reg/PRE
  -------------------------------------------------------------------    -------------------

                         (clock clk_out1_xlnx_clk_gen rise edge)
                                                     20.000    20.000 r  
    K17                                               0.000    20.000 r  clk_sys (IN)
                         net (fo=0)                   0.000    20.000    i_xlnx_clk_gen/inst/clk_in1
    K17                  IBUF (Prop_ibuf_I_O)         1.404    21.404 r  i_xlnx_clk_gen/inst/clkin1_ibufg/O
                         net (fo=1, unplaced)         0.439    21.843    i_xlnx_clk_gen/inst/clk_in1_xlnx_clk_gen
                         MMCME2_ADV (Prop_mmcme2_adv_CLKIN1_CLKOUT0)
                                                     -5.378    16.466 r  i_xlnx_clk_gen/inst/mmcm_adv_inst/CLKOUT0
                         net (fo=1, unplaced)         0.760    17.225    i_xlnx_clk_gen/inst/clk_out1_xlnx_clk_gen
                         BUFG (Prop_bufg_I_O)         0.091    17.316 r  i_xlnx_clk_gen/inst/clkout1_buf/O
                         net (fo=17195, unplaced)     0.439    17.755    i_axi_dwidth_converter_dm_slave/inst/gen_downsizer.gen_simple_downsizer.axi_downsizer_inst/USE_READ.read_addr_inst/cmd_queue/inst/fifo_gen_inst/inst_fifo_gen/gconvfifo.rf/grf.rf/gntv_or_sync_fifo.gl0.rd/gr1.gr1_int.rfwft/clk
                         FDPE                                         r  i_axi_dwidth_converter_dm_slave/inst/gen_downsizer.gen_simple_downsizer.axi_downsizer_inst/USE_READ.read_addr_inst/cmd_queue/inst/fifo_gen_inst/inst_fifo_gen/gconvfifo.rf/grf.rf/gntv_or_sync_fifo.gl0.rd/gr1.gr1_int.rfwft/aempty_fwft_fb_i_reg/C
                         clock pessimism              0.531    18.286    
                         clock uncertainty           -0.079    18.206    
                         FDPE (Recov_fdpe_C_PRE)     -0.394    17.812    i_axi_dwidth_converter_dm_slave/inst/gen_downsizer.gen_simple_downsizer.axi_downsizer_inst/USE_READ.read_addr_inst/cmd_queue/inst/fifo_gen_inst/inst_fifo_gen/gconvfifo.rf/grf.rf/gntv_or_sync_fifo.gl0.rd/gr1.gr1_int.rfwft/aempty_fwft_fb_i_reg
  -------------------------------------------------------------------
                         required time                         17.812    
                         arrival time                          -0.803    
  -------------------------------------------------------------------
                         slack                                 17.010    




